 KannTest

 Timestamp is 5ff0b5fe (Sat Jan 02 19:05:50 2021)

 Preferred load address is 00400000

 Start         Length     Name                   Class
 0001:00000000 00019b8cH .text                   CODE
 0001:00019b90 00000532H .text$x                 CODE
 0002:00000000 0000043cH .rdata                  DATA
 0002:00000440 00000600H .xdata$x                DATA
 0002:00000a40 00000000H .edata                  DATA
 0003:00000000 00000004H .CRT$XCA                DATA
 0003:00000004 00000058H .CRT$XCU                DATA
 0003:0000005c 00000004H .CRT$XCZ                DATA
 0003:00000060 00000004H .CRT$XIA                DATA
 0003:00000064 00000004H .CRT$XIZ                DATA
 0003:00000070 00000704H .data                   DATA
 0003:00000778 000020d4H .bss                    DATA
 0004:00000000 00000078H .idata$2                DATA
 0004:00000078 00000014H .idata$3                DATA
 0004:0000008c 000001dcH .idata$4                DATA
 0004:00000268 000001dcH .idata$5                DATA
 0004:00000444 000003ccH .idata$6                DATA

  Address         Publics by Value              Rva+Base     Lib:Object

 0001:00000000       ??0CDirectSound@@QAE@XZ    00401000 f   DirectSound.obj
 0001:00000040       ??_ECDirectSound@@UAEPAXI@Z 00401040 f i DirectSound.obj
 0001:00000040       ??_GCDirectSound@@UAEPAXI@Z 00401040 f i DirectSound.obj
 0001:000000b0       ??1CDirectSound@@UAE@XZ    004010b0 f   DirectSound.obj
 0001:00000110       ?Create@CDirectSound@@QAEHPBDPAVCWnd@@@Z 00401110 f   DirectSound.obj
 0001:00000170       ?Create@CDirectSound@@QAEHPAXPAVCWnd@@@Z 00401170 f   DirectSound.obj
 0001:000002f0       ?GetWaveData@CDirectSound@@IAEHPAXAAPAUtWAVEFORMATEX@@AAPAXAAK@Z 004012f0 f   DirectSound.obj
 0001:000003a0       ?CreateSoundBuffer@CDirectSound@@IAEHPAUtWAVEFORMATEX@@@Z 004013a0 f   DirectSound.obj
 0001:00000410       ?SetSoundData@CDirectSound@@IAEHPAXK@Z 00401410 f   DirectSound.obj
 0001:000004c0       ?Play@CDirectSound@@QAEXKH@Z 004014c0 f   DirectSound.obj
 0001:000005d0       ?Stop@CDirectSound@@QAEXXZ 004015d0 f   DirectSound.obj
 0001:00000600       ?Pause@CDirectSound@@QAEXXZ 00401600 f   DirectSound.obj
 0001:00000630       ?Continue@CDirectSound@@QAEXXZ 00401630 f   DirectSound.obj
 0001:00000770       ?IsValid@CDirectSound@@QBEHXZ 00401770 f   DirectSound.obj
 0001:000007a0       ?CreateFromFile@CDirectSound@@QAEHPBDPAVCWnd@@@Z 004017a0 f   DirectSound.obj
 0001:000008a0       ?SetVolume@CDirectSound@@QAEXH@Z 004018a0 f   DirectSound.obj
 0001:00000970       ??0CCoord@@QAE@XZ          00401970 f   GameObj.obj
 0001:00000980       ??0CCoord@@QAE@ABVCPoint@@@Z 00401980 f   GameObj.obj
 0001:000009a0       ??0CCoord@@QAE@NN@Z        004019a0 f   GameObj.obj
 0001:000009c0       ??8CCoord@@QAEHABV0@@Z     004019c0 f   GameObj.obj
 0001:000009f0       ??YCCoord@@QAEAAV0@ABV0@@Z 004019f0 f   GameObj.obj
 0001:00000a10       ??ZCCoord@@QAEAAV0@ABV0@@Z 00401a10 f   GameObj.obj
 0001:00000a30       ??XCCoord@@QAEAAV0@N@Z     00401a30 f   GameObj.obj
 0001:00000a50       ??BCCoord@@QAE?AVCPoint@@XZ 00401a50 f   GameObj.obj
 0001:00000ae0       ?Rotate@CCoord@@QAEXABV1@N@Z 00401ae0 f   GameObj.obj
 0001:00000b20       ?Init@CGameObj@@QAEXABVCCoord@@0@Z 00401b20 f   GameObj.obj
 0001:00000ba0       ??0CGameObj@@QAE@XZ        00401ba0 f   GameObj.obj
 0001:00000c50       ??_GCGameObj@@UAEPAXI@Z    00401c50 f i GameObj.obj
 0001:00000c50       ??_ECGameObj@@UAEPAXI@Z    00401c50 f i GameObj.obj
 0001:00000ca0       ??0CGameObj@@QAE@ABVCCoord@@0@Z 00401ca0 f   GameObj.obj
 0001:00000d40       ??1CGameObj@@UAE@XZ        00401d40 f   GameObj.obj
 0001:00000d70       ?DrawElement@CGameObj@@UAEXPAVCDC@@AAVCCoord@@N@Z 00401d70 f   GameObj.obj
 0001:00000e90       ?Draw@CGameObj@@QAEXPAVCDC@@N@Z 00401e90 f   GameObj.obj
 0001:000010d0       ?Normalize@CGameObj@@UAEXXZ 004020d0 f   GameObj.obj
 0001:000011a0       ?Tick@CGameObj@@UAEXH@Z    004021a0 f   GameObj.obj
 0001:00001200       ?GiveAwayPrevNextObj@CGameObj@@QAEXXZ 00402200 f   GameObj.obj
 0001:00001230       ?CreateGameObj@CGameObj@@QAEXPAV1@@Z 00402230 f   GameObj.obj
 0001:00001240       ?CheckColisions@CGameObj@@UAEHXZ 00402240 f   GameObj.obj
 0001:00001450       ??0CShip@@QAE@XZ           00402450 f   GameObj.obj
 0001:00001630       ??_ECShip@@UAEPAXI@Z       00402630 f i GameObj.obj
 0001:00001630       ??_GCShip@@UAEPAXI@Z       00402630 f i GameObj.obj
 0001:00001650       ??1CShip@@UAE@XZ           00402650 f i GameObj.obj
 0001:00001680       ?Restart@CShip@@QAEXXZ     00402680 f   GameObj.obj
 0001:00001780       ?DrawElement@CShip@@UAEXPAVCDC@@AAVCCoord@@N@Z 00402780 f   GameObj.obj
 0001:000017d0       ?DrawHypSpc@CShip@@QAEXPAVCDC@@NN@Z 004027d0 f   GameObj.obj
 0001:00001d60       ??HCCoord@@QBE?AV0@ABV0@@Z 00402d60 f i GameObj.obj
 0001:00001da0       ??GCCoord@@QBE?AV0@ABV0@@Z 00402da0 f i GameObj.obj
 0001:00001de0       ??DCCoord@@QBE?AV0@N@Z     00402de0 f i GameObj.obj
 0001:00001e20       ?Normalize@CShip@@UAEXXZ   00402e20 f   GameObj.obj
 0001:00001f50       ?Tick@CShip@@UAEXH@Z       00402f50 f   GameObj.obj
 0001:00002180       ?Accelerate@CShip@@QAEXH@Z 00403180 f   GameObj.obj
 0001:000021b0       ?Drag@CShip@@QAEXH@Z       004031b0 f   GameObj.obj
 0001:000021f0       ?GenerateBullet@CShip@@QAEXNHAAVCCoord@@@Z 004031f0 f   GameObj.obj
 0001:00002340       ?Shoot@CShip@@QAEXH@Z      00403340 f   GameObj.obj
 0001:00002450       ?SetBulletNum@CShip@@QAEXH@Z 00403450 f   GameObj.obj
 0001:00002490       ?DrawShip@CShip@@SAXPAVCDC@@AAVCCoord@@NNN_N2@Z 00403490 f   GameObj.obj
 0001:00002900       ??0CBullet@@QAE@AAVCCoord@@0H@Z 00403900 f   GameObj.obj
 0001:000029b0       ??_GCBullet@@UAEPAXI@Z     004039b0 f i GameObj.obj
 0001:000029b0       ??_ECBullet@@UAEPAXI@Z     004039b0 f i GameObj.obj
 0001:000029d0       ??1CBullet@@UAE@XZ         004039d0 f i GameObj.obj
 0001:00002a00       ?Tick@CBullet@@UAEXH@Z     00403a00 f   GameObj.obj
 0001:00002a90       ??0CAsteroid@@QAE@ABVCCoord@@0H@Z 00403a90 f   GameObj.obj
 0001:00002bd0       ??_GCAsteroid@@UAEPAXI@Z   00403bd0 f i GameObj.obj
 0001:00002bd0       ??_ECAsteroid@@UAEPAXI@Z   00403bd0 f i GameObj.obj
 0001:00002bf0       ??1CAsteroid@@UAE@XZ       00403bf0 f   GameObj.obj
 0001:00002f30       ?DrawElement@CAsteroid@@UAEXPAVCDC@@AAVCCoord@@N@Z 00403f30 f   GameObj.obj
 0001:00003a70       ??_H@YGXPAXIHP6EX0@Z@Z     00404a70 f i GameObj.obj
 0001:00003aa0       ?Tick@CAsteroid@@UAEXH@Z   00404aa0 f   GameObj.obj
 0001:00003b20       ??0CUfo@@QAE@ABVCCoord@@0H@Z 00404b20 f   GameObj.obj
 0001:00003ca0       ??_ECUfo@@UAEPAXI@Z        00404ca0 f i GameObj.obj
 0001:00003ca0       ??_GCUfo@@UAEPAXI@Z        00404ca0 f i GameObj.obj
 0001:00003cc0       ??1CUfo@@UAE@XZ            00404cc0 f   GameObj.obj
 0001:00003d60       ?DrawElement@CUfo@@UAEXPAVCDC@@AAVCCoord@@N@Z 00404d60 f   GameObj.obj
 0001:00004550       ?Accelerate@CUfo@@QAEXH@Z  00405550 f   GameObj.obj
 0001:00004580       ?Drag@CUfo@@QAEXH@Z        00405580 f   GameObj.obj
 0001:000045c0       ?Shoot@CUfo@@QAEXH@Z       004055c0 f   GameObj.obj
 0001:00004750       ?TrackPlayer@CUfo@@QAEXXZ  00405750 f   GameObj.obj
 0001:000047d0       ?RandShoot@CUfo@@QAEXH@Z   004057d0 f   GameObj.obj
 0001:00004970       ?Tick@CUfo@@UAEXH@Z        00405970 f   GameObj.obj
 0001:00004b80       ??0CCorpse@@QAE@ABVCCoord@@0@Z 00405b80 f   GameObj.obj
 0001:00004d00       ??_ECCorpse@@UAEPAXI@Z     00405d00 f i GameObj.obj
 0001:00004d00       ??_GCCorpse@@UAEPAXI@Z     00405d00 f i GameObj.obj
 0001:00004d20       ??1CCorpse@@UAE@XZ         00405d20 f i GameObj.obj
 0001:00004d50       ?Tick@CCorpse@@UAEXH@Z     00405d50 f   GameObj.obj
 0001:00004db0       ?DrawElement@CCorpse@@UAEXPAVCDC@@AAVCCoord@@N@Z 00405db0 f   GameObj.obj
 0001:00004ec0       ??0CShipCorpse@@QAE@ABVCCoord@@0@Z 00405ec0 f   GameObj.obj
 0001:00005010       ??_ECShipCorpse@@UAEPAXI@Z 00406010 f i GameObj.obj
 0001:00005010       ??_GCShipCorpse@@UAEPAXI@Z 00406010 f i GameObj.obj
 0001:00005030       ??1CShipCorpse@@UAE@XZ     00406030 f i GameObj.obj
 0001:00005060       ?DrawElement@CShipCorpse@@UAEXPAVCDC@@AAVCCoord@@N@Z 00406060 f   GameObj.obj
 0001:00005270       ?Round@@YAJN@Z             00406270 f i GameObj.obj
 0001:00005340       ??0CGameObjsArray@@QAE@XZ  00406340 f   GameObjsArray.obj
 0001:00005420       ??_GCGameObjsArray@@UAEPAXI@Z 00406420 f i GameObjsArray.obj
 0001:00005420       ??_ECGameObjsArray@@UAEPAXI@Z 00406420 f i GameObjsArray.obj
 0001:00005440       ??1CGameObjsArray@@UAE@XZ  00406440 f   GameObjsArray.obj
 0001:00005560       ?Tick@CGameObjsArray@@QAEXH@Z 00406560 f   GameObjsArray.obj
 0001:00005930       ?Draw@CGameObjsArray@@QAEXPAVCDC@@_NN@Z 00406930 f   GameObjsArray.obj
 0001:00005c60       ?AddObj@CGameObjsArray@@QAEXPAVCGameObj@@@Z 00406c60 f   GameObjsArray.obj
 0001:00005d30       ?DeleteAll@CGameObjsArray@@QAEXXZ 00406d30 f   GameObjsArray.obj
 0001:00005db0       ?Restart@CGameObjsArray@@QAEXXZ 00406db0 f   GameObjsArray.obj
 0001:00005e50       ?SetState@CGameObjsArray@@QAEXH@Z 00406e50 f   GameObjsArray.obj
 0001:00005e70       ??1?$CList@PAVCGameObj@@PAV1@@@UAE@XZ 00406e70 f i GameObjsArray.obj
 0001:00005ee0       ?Serialize@?$CList@PAVCGameObj@@PAV1@@@UAEXAAVCArchive@@@Z 00406ee0 f i GameObjsArray.obj
 0001:00006000       ??_E?$CList@PAVCGameObj@@PAV1@@@UAEPAXI@Z 00407000 f i GameObjsArray.obj
 0001:00006000       ??_G?$CList@PAVCGameObj@@PAV1@@@UAEPAXI@Z 00407000 f i GameObjsArray.obj
 0001:00006020       ??_ECObject@@UAEPAXI@Z     00407020 f i GameObjsArray.obj
 0001:00006020       ??_GCObject@@UAEPAXI@Z     00407020 f i GameObjsArray.obj
 0001:00006040       ??1CObject@@UAE@XZ         00407040 f i GameObjsArray.obj
 0001:00006050       ?Serialize@CObject@@UAEXAAVCArchive@@@Z 00407050 f i GameObjsArray.obj
 0001:00006060       ?AssertValid@CObject@@UBEXXZ 00407060 f i GameObjsArray.obj
 0001:00006070       ?Dump@CObject@@UBEXAAVCDumpContext@@@Z 00407070 f i GameObjsArray.obj
 0001:00006110       ??0CGameThread@@QAE@XZ     00407110 f   GameThread.obj
 0001:00006230       ??_GCGameThread@@UAEPAXI@Z 00407230 f i GameThread.obj
 0001:00006230       ??_ECGameThread@@UAEPAXI@Z 00407230 f i GameThread.obj
 0001:00006250       ?StartThread@CGameThread@@QAEXXZ 00407250 f   GameThread.obj
 0001:00006280       ??1CGameThread@@UAE@XZ     00407280 f   GameThread.obj
 0001:00006330       ?ThreadFunction@CGameThread@@SAIPAX@Z 00407330 f   GameThread.obj
 0001:00006480       ?SimulateGame@CGameThread@@QAEXXZ 00407480 f   GameThread.obj
 0001:00006510       ?GameTick@CGameThread@@QAEXXZ 00407510 f   GameThread.obj
 0001:00006560       ?DrawGame@CGameThread@@QAEXXZ 00407560 f   GameThread.obj
 0001:00006650       ?GenerateEnemies@CGameThread@@QAEXXZ 00407650 f   GameThread.obj
 0001:00006800       ?GetDifficulty@CGameThread@@SANN@Z 00407800 f   GameThread.obj
 0001:00006820       ??_ECGdiObject@@UAEPAXI@Z  00407820 f i GameThread.obj
 0001:00006820       ??_GCGdiObject@@UAEPAXI@Z  00407820 f i GameThread.obj
 0001:00006840       ??1CGdiObject@@UAE@XZ      00407840 f i GameThread.obj
 0001:00006890       ??_ECPen@@UAEPAXI@Z        00407890 f i GameThread.obj
 0001:00006890       ??_GCPen@@UAEPAXI@Z        00407890 f i GameThread.obj
 0001:000068b0       ??1CPen@@UAE@XZ            004078b0 f i GameThread.obj
 0001:00006900       ??_GCFont@@UAEPAXI@Z       00407900 f i GameThread.obj
 0001:00006900       ??_ECFont@@UAEPAXI@Z       00407900 f i GameThread.obj
 0001:00006920       ??1CFont@@UAE@XZ           00407920 f i GameThread.obj
 0001:00006970       ??0CMsgWrapper@@QAE@PAUHWND__@@IIJ@Z 00407970 f   MsgWrapper.obj
 0001:000069a0       ?Init@CMsgWrapper@@SAHXZ   004079a0 f   MsgWrapper.obj
 0001:000069e0       ?Close@CMsgWrapper@@SAXXZ  004079e0 f   MsgWrapper.obj
 0001:00006a00       ?GetQueuedMessage@CMsgWrapper@@SAPAV1@XZ 00407a00 f   MsgWrapper.obj
 0001:00006a40       ?Post@CMsgWrapper@@SAHPAUHWND__@@IIJ@Z 00407a40 f   MsgWrapper.obj
 0001:00006ab0       ?Forward@CMsgWrapper@@QAEHXZ 00407ab0 f   MsgWrapper.obj
 0001:00006b60       ??0CNNDataCollector@@QAE@XZ 00407b60 f   NNDataCollector.obj
 0001:00006b80       ??_ECNNDataCollector@@UAEPAXI@Z 00407b80 f i NNDataCollector.obj
 0001:00006b80       ??_GCNNDataCollector@@UAEPAXI@Z 00407b80 f i NNDataCollector.obj
 0001:00006ba0       ??1CNNDataCollector@@UAE@XZ 00407ba0 f   NNDataCollector.obj
 0001:00006c40       ?Clear@CNNDataCollector@@QAEXXZ 00407c40 f   NNDataCollector.obj
 0001:00006c90       ?Save@CNNDataCollector@@QAEXH@Z 00407c90 f   NNDataCollector.obj
 0001:00006da0       ?Load@CNNDataCollector@@QAEXPBD@Z 00407da0 f   NNDataCollector.obj
 0001:00006fe0       ?LogMoment@CNNDataCollector@@QAEXPAVCGameObjsArray@@@Z 00407fe0 f   NNDataCollector.obj
 0001:000071d0       ?ImportMoment@CNNDataCollector@@QAEXHPAVCGameObjsArray@@@Z 004081d0 f   NNDataCollector.obj
 0001:00007300       ?cross@@YANVCCoord@@0@Z    00408300 f   NNDataCollector.obj
 0001:00007320       ?getLine@@YAXVCCoord@@0AAN11@Z 00408320 f   NNDataCollector.obj
 0001:00007360       ?dist@@YANVCCoord@@00@Z    00408360 f   NNDataCollector.obj
 0001:000073b0       ?GetAnnInput@CNNDataCollector@@SAXPAVCGameObjsArray@@QAM@Z 004083b0 f   NNDataCollector.obj
 0001:00007740       ??1?$CArray@UTickData@CNNDataCollector@@AAU12@@@UAE@XZ 00408740 f i NNDataCollector.obj
 0001:000077a0       ?Serialize@?$CArray@UTickData@CNNDataCollector@@AAU12@@@UAEXAAVCArchive@@@Z 004087a0 f i NNDataCollector.obj
 0001:00007950       ??_G?$CArray@UTickData@CNNDataCollector@@AAU12@@@UAEPAXI@Z 00408950 f i NNDataCollector.obj
 0001:00007950       ??_E?$CArray@UTickData@CNNDataCollector@@AAU12@@@UAEPAXI@Z 00408950 f i NNDataCollector.obj
 0001:00007970       ?SetSize@?$CArray@UTickData@CNNDataCollector@@AAU12@@@QAEXHH@Z 00408970 f i NNDataCollector.obj
 0001:00007b60       ?DrawLine@@YAXPAVCDC@@HHHHK@Z 00408b60 f   TGraphics.obj
 0001:000080d0       ?DrawPolyline@@YAXPAVCDC@@PAUtagPOINT@@HK@Z 004090d0 f   TGraphics.obj
 0001:00008120       ?DrawPolygon@@YAXPAVCDC@@PAUtagPOINT@@HK@Z 00409120 f   TGraphics.obj
 0001:00008190       ?DrawEllipse@@YAXPAVCDC@@HHHHK@Z 00409190 f   TGraphics.obj
 0001:00008a30       ?DrawArc@@YAXPAVCDC@@HHHHHHHHK@Z 00409a30 f   TGraphics.obj
 0001:00009540       ??0CAnnPlayer@@QAE@XZ      0040a540 f   AnnPlayer.obj
 0001:000095d0       ??_GCAnnPlayer@@UAEPAXI@Z  0040a5d0 f i AnnPlayer.obj
 0001:000095f0       ??1CAnnPlayer@@UAE@XZ      0040a5f0 f   AnnPlayer.obj
 0001:00009660       ?NewSim@CAnnPlayer@@QAEHPAVCMyKann@@@Z 0040a660 f   AnnPlayer.obj
 0001:000096c0       ?ThreadFunction@CAnnPlayer@@SAIPAX@Z 0040a6c0 f   AnnPlayer.obj
 0001:00009720       ?GetFitness@CAnnPlayer@@QAEXXZ 0040a720 f   AnnPlayer.obj
 0001:00009860       _kann_new                  0040a860 f   kann.obj
 0001:00009b40       _kann_clone                0040ab40 f   kann.obj
 0001:00009b90       _kann_unroll_array         0040ab90 f   kann.obj
 0001:00009bd0       _kann_unroll               0040abd0 f   kann.obj
 0001:00009c50       _kann_delete_unrolled      0040ac50 f   kann.obj
 0001:00009c80       _kann_delete               0040ac80 f   kann.obj
 0001:00009cd0       _kann_find                 0040acd0 f   kann.obj
 0001:00009d40       _kann_feed_bind            0040ad40 f   kann.obj
 0001:00009db0       _kann_feed_dim             0040adb0 f   kann.obj
 0001:00009e50       _kann_eval                 0040ae50 f   kann.obj
 0001:00009ec0       _kann_rnn_start            0040aec0 f   kann.obj
 0001:00009f70       _kann_rnn_end              0040af70 f   kann.obj
 0001:0000a0a0       _kann_mt                   0040b0a0 f   kann.obj
 0001:0000a0b0       _kann_cost                 0040b0b0 f   kann.obj
 0001:0000a130       _kann_eval_out             0040b130 f   kann.obj
 0001:0000a170       _kann_class_error          0040b170 f   kann.obj
 0001:0000a360       _kann_switch               0040b360 f   kann.obj
 0001:0000a3a0       _kann_save_fp              0040b3a0 f   kann.obj
 0001:0000a420       _kann_save                 0040b420 f   kann.obj
 0001:0000a500       _kann_load_fp              0040b500 f   kann.obj
 0001:0000a690       _kann_load                 0040b690 f   kann.obj
 0001:0000a710       ?kann_new_leaf_array@@YAPAUkad_node_t@@PAHPAPAU1@EMHQAJ@Z 0040b710 f   kann.obj
 0001:0000a820       _kann_new_leaf2            0040b820 f   kann.obj
 0001:0000a870       _kann_layer_dense2         0040b870 f   kann.obj
 0001:0000a910       _kann_layer_dropout2       0040b910 f   kann.obj
 0001:0000a950       _kann_layer_layernorm2     0040b950 f   kann.obj
 0001:0000a9f0       _kann_layer_rnn2           0040b9f0 f   kann.obj
 0001:0000ac60       _kann_layer_gru2           0040bc60 f   kann.obj
 0001:0000b230       _kann_new_leaf             0040c230 f   kann.obj
 0001:0000b280       _kann_new_scalar           0040c280 f   kann.obj
 0001:0000b2a0       _kann_new_weight           0040c2a0 f   kann.obj
 0001:0000b2c0       ?kann_new_vec@@YAPAUkad_node_t@@HM@Z 0040c2c0 f   kann.obj
 0001:0000b2e0       _kann_new_bias             0040c2e0 f   kann.obj
 0001:0000b300       _kann_new_weight_conv2d    0040c300 f   kann.obj
 0001:0000b330       _kann_new_weight_conv1d    0040c330 f   kann.obj
 0001:0000b350       _kann_layer_input          0040c350 f   kann.obj
 0001:0000b370       _kann_layer_dense          0040c370 f   kann.obj
 0001:0000b400       _kann_layer_dropout        0040c400 f   kann.obj
 0001:0000b440       _kann_layer_layernorm      0040c440 f   kann.obj
 0001:0000b4d0       _kann_layer_rnn            0040c4d0 f   kann.obj
 0001:0000b520       _kann_layer_gru            0040c520 f   kann.obj
 0001:0000b570       _kann_layer_lstm           0040c570 f   kann.obj
 0001:0000b970       _kann_layer_conv2d         0040c970 f   kann.obj
 0001:0000b9c0       _kann_layer_conv1d         0040c9c0 f   kann.obj
 0001:0000ba00       _kann_layer_cost           0040ca00 f   kann.obj
 0001:0000bb10       _kann_shuffle              0040cb10 f   kann.obj
 0001:0000bb70       _kann_RMSprop              0040cb70 f   kann.obj
 0001:0000bbf0       _kann_grad_clip            0040cbf0 f   kann.obj
 0001:0000bc50       _kann_train_fnn1           0040cc50 f   kann.obj
 0001:0000c900       _kann_cost_fnn1            0040d900 f   kann.obj
 0001:0000cb60       _kann_apply1               0040db60 f   kann.obj
 0001:0000cc70       ?consoleHandler@@YGHK@Z    0040dc70 f   KannTest.obj
 0001:0000cc90       ?GetDataFromFile@@YAXAAV?$CArray@PAMAAPAM@@0PBD@Z 0040dc90 f   KannTest.obj
 0001:0000cf80       ?SupervisedLerning@@YAXPBD@Z 0040df80 f   KannTest.obj
 0001:0000d1b0       ?cmp@@YAHPBX0@Z            0040e1b0 f   KannTest.obj
 0001:0000d1d0       ?UnsupLrn_Evolution@@YAXPBD@Z 0040e1d0 f   KannTest.obj
 0001:0000d800       ??_ECAnnPlayer@@UAEPAXI@Z  0040e800 f i KannTest.obj
 0001:0000d860       ??_ECMyKann@@UAEPAXI@Z     0040e860 f i KannTest.obj
 0001:0000d8c0       ??_ECString@@QAEPAXI@Z     0040e8c0 f i KannTest.obj
 0001:0000d920       ?UnsupLrn_BestOfAll@@YAXPBD@Z 0040e920 f   KannTest.obj
 0001:0000de50       _main                      0040ee50 f   KannTest.obj
 0001:0000de90       ??1?$CArray@PAMAAPAM@@UAE@XZ 0040ee90 f i KannTest.obj
 0001:0000def0       ?Serialize@?$CArray@PAMAAPAM@@UAEXAAVCArchive@@@Z 0040eef0 f i KannTest.obj
 0001:0000e080       ??_E?$CArray@PAMAAPAM@@UAEPAXI@Z 0040f080 f i KannTest.obj
 0001:0000e080       ??_G?$CArray@PAMAAPAM@@UAEPAXI@Z 0040f080 f i KannTest.obj
 0001:0000e0a0       ?SetSize@?$CArray@PAMAAPAM@@QAEXHH@Z 0040f0a0 f i KannTest.obj
 0001:0000e1e0       _kad_const                 0040f1e0 f   kautodiff.obj
 0001:0000e240       _kad_feed                  0040f240 f   kautodiff.obj
 0001:0000e2a0       _kad_var                   0040f2a0 f   kautodiff.obj
 0001:0000e300       _kad_add                   0040f300 f   kautodiff.obj
 0001:0000e3a0       _kad_sub                   0040f3a0 f   kautodiff.obj
 0001:0000e440       _kad_mul                   0040f440 f   kautodiff.obj
 0001:0000e4e0       _kad_cmul                  0040f4e0 f   kautodiff.obj
 0001:0000e580       _kad_matmul                0040f580 f   kautodiff.obj
 0001:0000e620       _kad_ce_multi              0040f620 f   kautodiff.obj
 0001:0000e6c0       _kad_ce_bin                0040f6c0 f   kautodiff.obj
 0001:0000e760       _kad_ce_bin_neg            0040f760 f   kautodiff.obj
 0001:0000e800       _kad_mse                   0040f800 f   kautodiff.obj
 0001:0000e8a0       _kad_log                   0040f8a0 f   kautodiff.obj
 0001:0000e940       _kad_exp                   0040f940 f   kautodiff.obj
 0001:0000e9e0       _kad_sin                   0040f9e0 f   kautodiff.obj
 0001:0000ea80       _kad_square                0040fa80 f   kautodiff.obj
 0001:0000eb20       _kad_sigm                  0040fb20 f   kautodiff.obj
 0001:0000ebc0       _kad_tanh                  0040fbc0 f   kautodiff.obj
 0001:0000ec60       _kad_relu                  0040fc60 f   kautodiff.obj
 0001:0000ed00       _kad_1minus                0040fd00 f   kautodiff.obj
 0001:0000eda0       _kad_softmax               0040fda0 f   kautodiff.obj
 0001:0000ee40       _kad_stdnorm               0040fe40 f   kautodiff.obj
 0001:0000eee0       _kad_ce_multi_weighted     0040fee0 f   kautodiff.obj
 0001:0000ef90       _kad_conv2d                0040ff90 f   kautodiff.obj
 0001:0000f130       _kad_max2d                 00410130 f   kautodiff.obj
 0001:0000f2b0       _kad_conv1d                004102b0 f   kautodiff.obj
 0001:0000f3e0       _kad_max1d                 004103e0 f   kautodiff.obj
 0001:0000f4f0       _kad_avg1d                 004104f0 f   kautodiff.obj
 0001:0000f600       _kad_avg                   00410600 f   kautodiff.obj
 0001:0000f6c0       _kad_max                   004106c0 f   kautodiff.obj
 0001:0000f780       _kad_stack                 00410780 f   kautodiff.obj
 0001:0000f840       _kad_select                00410840 f   kautodiff.obj
 0001:0000f920       _kad_reduce_sum            00410920 f   kautodiff.obj
 0001:0000f9e0       _kad_reduce_mean           004109e0 f   kautodiff.obj
 0001:0000faa0       _kad_dropout               00410aa0 f   kautodiff.obj
 0001:0000fcd0       _kad_sample_normal         00410cd0 f   kautodiff.obj
 0001:0000fef0       _kad_slice                 00410ef0 f   kautodiff.obj
 0001:0000ffd0       _kad_concat_array          00410fd0 f   kautodiff.obj
 0001:000100a0       _kad_concat                004110a0 f   kautodiff.obj
 0001:000101c0       _kad_reshape               004111c0 f   kautodiff.obj
 0001:000102b0       _kad_reverse               004112b0 f   kautodiff.obj
 0001:00010370       _kad_switch                00411370 f   kautodiff.obj
 0001:00010440       _kad_sync_dim              00411440 f   kautodiff.obj
 0001:00010600       _kad_compile_array         00411600 f   kautodiff.obj
 0001:00010970       _kad_compile               00411970 f   kautodiff.obj
 0001:000109d0       _kad_delete                004119d0 f   kautodiff.obj
 0001:00010a30       _kad_size_var              00411a30 f   kautodiff.obj
 0001:00010a80       _kad_size_const            00411a80 f   kautodiff.obj
 0001:00010ad0       _kad_eval_marked           00411ad0 f   kautodiff.obj
 0001:00010bc0       _kad_eval_at               00411bc0 f   kautodiff.obj
 0001:00010c70       _kad_grad                  00411c70 f   kautodiff.obj
 0001:00010d60       _kad_save                  00411d60 f   kautodiff.obj
 0001:00010ed0       _kad_load                  00411ed0 f   kautodiff.obj
 0001:000110e0       _kad_clone                 004120e0 f   kautodiff.obj
 0001:000113d0       _kad_n_pivots              004123d0 f   kautodiff.obj
 0001:00011400       _kad_unroll                00412400 f   kautodiff.obj
 0001:00011c50       ?kad_vec_mul_sum@@YAXHPAMPBM1@Z 00412c50 f   kautodiff.obj
 0001:00011c90       _kad_saxpy                 00412c90 f   kautodiff.obj
 0001:00011cc0       ?kad_sgemm_simple@@YAXHHHHHPBM0PAM@Z 00412cc0 f   kautodiff.obj
 0001:00012020       _kad_srand                 00413020 f   kautodiff.obj
 0001:00012120       _kad_rng                   00413120 f   kautodiff.obj
 0001:000122a0       _kad_rand                  004132a0 f   kautodiff.obj
 0001:00012350       _kad_drand                 00413350 f   kautodiff.obj
 0001:00012420       _kad_drand_normal          00413420 f   kautodiff.obj
 0001:00012650       ?kad_op_add@@YAHPAUkad_node_t@@H@Z 00413650 f   kautodiff.obj
 0001:000127c0       ?kad_op_sub@@YAHPAUkad_node_t@@H@Z 004137c0 f   kautodiff.obj
 0001:00012930       ?kad_op_mul@@YAHPAUkad_node_t@@H@Z 00413930 f   kautodiff.obj
 0001:00012b60       ?kad_op_cmul@@YAHPAUkad_node_t@@H@Z 00413b60 f   kautodiff.obj
 0001:00012d50       ?kad_op_matmul@@YAHPAUkad_node_t@@H@Z 00413d50 f   kautodiff.obj
 0001:00012ee0       ?kad_op_square@@YAHPAUkad_node_t@@H@Z 00413ee0 f   kautodiff.obj
 0001:00012fa0       ?kad_op_1minus@@YAHPAUkad_node_t@@H@Z 00413fa0 f   kautodiff.obj
 0001:00013060       ?kad_op_exp@@YAHPAUkad_node_t@@H@Z 00414060 f   kautodiff.obj
 0001:00013130       ?kad_op_log@@YAHPAUkad_node_t@@H@Z 00414130 f   kautodiff.obj
 0001:000131f0       ?kad_op_reduce_sum@@YAHPAUkad_node_t@@H@Z 004141f0 f   kautodiff.obj
 0001:00013450       ?kad_op_reduce_mean@@YAHPAUkad_node_t@@H@Z 00414450 f   kautodiff.obj
 0001:000136e0       ?kad_op_dropout@@YAHPAUkad_node_t@@H@Z 004146e0 f   kautodiff.obj
 0001:00013990       ?kad_op_sample_normal@@YAHPAUkad_node_t@@H@Z 00414990 f   kautodiff.obj
 0001:00013d10       ?kad_op_slice@@YAHPAUkad_node_t@@H@Z 00414d10 f   kautodiff.obj
 0001:00013f10       ?kad_op_concat@@YAHPAUkad_node_t@@H@Z 00414f10 f   kautodiff.obj
 0001:000141d0       ?kad_op_reshape@@YAHPAUkad_node_t@@H@Z 004151d0 f   kautodiff.obj
 0001:00014400       ?kad_op_reverse@@YAHPAUkad_node_t@@H@Z 00415400 f   kautodiff.obj
 0001:00014660       ?kad_op_mse@@YAHPAUkad_node_t@@H@Z 00415660 f   kautodiff.obj
 0001:00014760       ?kad_op_ce_bin@@YAHPAUkad_node_t@@H@Z 00415760 f   kautodiff.obj
 0001:00014970       ?kad_op_ce_bin_neg@@YAHPAUkad_node_t@@H@Z 00415970 f   kautodiff.obj
 0001:00014ba0       ?kad_op_ce_multi@@YAHPAUkad_node_t@@H@Z 00415ba0 f   kautodiff.obj
 0001:00014ee0       ?kad_op_stdnorm@@YAHPAUkad_node_t@@H@Z 00415ee0 f   kautodiff.obj
 0001:00015180       ?kad_op_sigm@@YAHPAUkad_node_t@@H@Z 00416180 f   kautodiff.obj
 0001:00015270       ?kad_op_tanh@@YAHPAUkad_node_t@@H@Z 00416270 f   kautodiff.obj
 0001:00015390       ?kad_op_relu@@YAHPAUkad_node_t@@H@Z 00416390 f   kautodiff.obj
 0001:00015480       ?kad_op_sin@@YAHPAUkad_node_t@@H@Z 00416480 f   kautodiff.obj
 0001:00015540       ?kad_op_softmax@@YAHPAUkad_node_t@@H@Z 00416540 f   kautodiff.obj
 0001:00015740       ?kad_op_avg@@YAHPAUkad_node_t@@H@Z 00416740 f   kautodiff.obj
 0001:000158e0       ?kad_op_max@@YAHPAUkad_node_t@@H@Z 004168e0 f   kautodiff.obj
 0001:00015a80       ?kad_op_stack@@YAHPAUkad_node_t@@H@Z 00416a80 f   kautodiff.obj
 0001:00015c10       ?kad_op_select@@YAHPAUkad_node_t@@H@Z 00416c10 f   kautodiff.obj
 0001:00015d40       ?kad_op_conv2d@@YAHPAUkad_node_t@@H@Z 00416d40 f   kautodiff.obj
 0001:000171d0       ?kad_op_max2d@@YAHPAUkad_node_t@@H@Z 004181d0 f   kautodiff.obj
 0001:000174b0       ?kad_op_conv1d@@YAHPAUkad_node_t@@H@Z 004184b0 f   kautodiff.obj
 0001:00018590       ?kad_op_max1d@@YAHPAUkad_node_t@@H@Z 00419590 f   kautodiff.obj
 0001:000187d0       ?kad_op_avg1d@@YAHPAUkad_node_t@@H@Z 004197d0 f   kautodiff.obj
 0001:00018b20       _kad_trap_fe               00419b20 f   kautodiff.obj
 0001:00018b30       _kad_print_graph           00419b30 f   kautodiff.obj
 0001:00018d10       _kad_check_grad            00419d10 f   kautodiff.obj
 0001:00019210       ?PreInit@CMyKann@@AAEXXZ   0041a210 f   MyKann.obj
 0001:00019220       ??0CMyKann@@QAE@XZ         0041a220 f   MyKann.obj
 0001:00019230       ??_GCMyKann@@UAEPAXI@Z     0041a230 f i MyKann.obj
 0001:00019260       ??0CMyKann@@QAE@PBD@Z      0041a260 f   MyKann.obj
 0001:000192e0       ?CreateNew@CMyKann@@SAPAUkann_t@@XZ 0041a2e0 f   MyKann.obj
 0001:00019320       ??1CMyKann@@UAE@XZ         0041a320 f   MyKann.obj
 0001:00019340       ?Load@CMyKann@@QAE_NPBD@Z  0041a340 f   MyKann.obj
 0001:00019380       ?Save@CMyKann@@QAE_NPBD@Z  0041a380 f   MyKann.obj
 0001:000193c0       ?CreateGraph@CMyKann@@SAPAUkad_node_t@@XZ 0041a3c0 f   MyKann.obj
 0001:000193f0       ?RandWeights@CMyKann@@QAEXM@Z 0041a3f0 f   MyKann.obj
 0001:00019490       ?NumericalRecipesRandom@@YAIXZ 0041a490 f   StdAfx.obj
 0001:000194e0       ?GlibCRandom@@YAIXZ        0041a4e0 f   StdAfx.obj
 0001:00019530       ?MimixRandom@@YA_KXZ       0041a530 f   StdAfx.obj
 0001:00019590       ??3@YAXPAX@Z               0041a590 f   mfc42:MFC42.DLL
 0001:00019596       ?AfxGetModuleState@@YGPAVAFX_MODULE_STATE@@XZ 0041a596 f   mfc42:MFC42.DLL
 0001:0001959c       ??1CFile@@UAE@XZ           0041a59c f   mfc42:MFC42.DLL
 0001:000195a2       ?Close@CFile@@UAEXXZ       0041a5a2 f   mfc42:MFC42.DLL
 0001:000195a8       ?Read@CFile@@UAEIPAXI@Z    0041a5a8 f   mfc42:MFC42.DLL
 0001:000195ae       ?GetLength@CFile@@UBEKXZ   0041a5ae f   mfc42:MFC42.DLL
 0001:000195b4       ?Open@CFile@@UAEHPBDIPAVCFileException@@@Z 0041a5b4 f   mfc42:MFC42.DLL
 0001:000195ba       ??0CFile@@QAE@XZ           0041a5ba f   mfc42:MFC42.DLL
 0001:000195c0       ??2@YAPAXI@Z               0041a5c0 f   mfc42:MFC42.DLL
 0001:000195c6       ?GetRuntimeClass@CObject@@UBEPAUCRuntimeClass@@XZ 0041a5c6 f   mfc42:MFC42.DLL
 0001:000195cc       ?FreeDataChain@CPlex@@QAEXXZ 0041a5cc f   mfc42:MFC42.DLL
 0001:000195d2       ?Create@CPlex@@SGPAU1@AAPAU1@II@Z 0041a5d2 f   mfc42:MFC42.DLL
 0001:000195d8       ??1CString@@QAE@XZ         0041a5d8 f   mfc42:MFC42.DLL
 0001:000195de       ?Format@CString@@QAAXPBDZZ 0041a5de f   mfc42:MFC42.DLL
 0001:000195e4       ??0CString@@QAE@XZ         0041a5e4 f   mfc42:MFC42.DLL
 0001:000195ea       ?ReadCount@CArchive@@QAEKXZ 0041a5ea f   mfc42:MFC42.DLL
 0001:000195f0       ?Read@CArchive@@QAEIPAXI@Z 0041a5f0 f   mfc42:MFC42.DLL
 0001:000195f6       ?Write@CArchive@@QAEXPBXI@Z 0041a5f6 f   mfc42:MFC42.DLL
 0001:000195fc       ?WriteCount@CArchive@@QAEXK@Z 0041a5fc f   mfc42:MFC42.DLL
 0001:00019602       ?GetRuntimeClass@CFont@@UBEPAUCRuntimeClass@@XZ 0041a602 f   mfc42:MFC42.DLL
 0001:00019608       ?GetRuntimeClass@CPen@@UBEPAUCRuntimeClass@@XZ 0041a608 f   mfc42:MFC42.DLL
 0001:0001960e       ??1CDC@@UAE@XZ             0041a60e f   mfc42:MFC42.DLL
 0001:00019614       ?SetTextAlign@CDC@@QAEII@Z 0041a614 f   mfc42:MFC42.DLL
 0001:0001961a       ?SetBkMode@CDC@@QAEHH@Z    0041a61a f   mfc42:MFC42.DLL
 0001:00019620       ?SelectObject@CDC@@QAEPAVCPen@@PAV2@@Z 0041a620 f   mfc42:MFC42.DLL
 0001:00019626       ?Attach@CGdiObject@@QAEHPAX@Z 0041a626 f   mfc42:MFC42.DLL
 0001:0001962c       ?CreatePointFont@CFont@@QAEHHPBDPAVCDC@@@Z 0041a62c f   mfc42:MFC42.DLL
 0001:00019632       ?Attach@CDC@@QAEHPAUHDC__@@@Z 0041a632 f   mfc42:MFC42.DLL
 0001:00019638       ??0CDC@@QAE@XZ             0041a638 f   mfc42:MFC42.DLL
 0001:0001963e       ?AfxBeginThread@@YGPAVCWinThread@@P6AIPAX@Z0HIKPAU_SECURITY_ATTRIBUTES@@@Z 0041a63e f   mfc42:MFC42.DLL
 0001:00019644       ?GetRuntimeClass@CGdiObject@@UBEPAUCRuntimeClass@@XZ 0041a644 f   mfc42:MFC42.DLL
 0001:0001964a       ?DeleteObject@CGdiObject@@QAEHXZ 0041a64a f   mfc42:MFC42.DLL
 0001:00019650       ?DeleteDC@CDC@@QAEHXZ      0041a650 f   mfc42:MFC42.DLL
 0001:00019656       ?SelectGdiObject@CDC@@KGPAVCGdiObject@@PAUHDC__@@PAX@Z 0041a656 f   mfc42:MFC42.DLL
 0001:0001965c       ?Format@CTime@@QBE?AVCString@@PBD@Z 0041a65c f   mfc42:MFC42.DLL
 0001:00019662       ?GetTickCount@CTime@@SG?AV1@XZ 0041a662 f   mfc42:MFC42.DLL
 0001:00019668       ?LineTo@CDC@@QAEHHH@Z      0041a668 f   mfc42:MFC42.DLL
 0001:0001966e       ?MoveTo@CDC@@QAE?AVCPoint@@HH@Z 0041a66e f   mfc42:MFC42.DLL
 0001:00019674       ??1CEvent@@UAE@XZ          0041a674 f   mfc42:MFC42.DLL
 0001:0001967a       ??0CEvent@@QAE@HHPBDPAU_SECURITY_ATTRIBUTES@@@Z 0041a67a f   mfc42:MFC42.DLL
 0001:00019680       ??1CFileFind@@UAE@XZ       0041a680 f   mfc42:MFC42.DLL
 0001:00019686       ?GetFileName@CFileFind@@UBE?AVCString@@XZ 0041a686 f   mfc42:MFC42.DLL
 0001:0001968c       ?GetFilePath@CFileFind@@UBE?AVCString@@XZ 0041a68c f   mfc42:MFC42.DLL
 0001:00019692       ?FindNextFileA@CFileFind@@UAEHXZ 0041a692 f   mfc42:MFC42.DLL
 0001:00019698       ?FindFile@CFileFind@@UAEHPBDK@Z 0041a698 f   mfc42:MFC42.DLL
 0001:0001969e       ??0CFileFind@@QAE@XZ       0041a69e f   mfc42:MFC42.DLL
 0001:000196a4       _free                      0041a6a4 f   msvcrt:MSVCRT.dll
 0001:000196aa       _fclose                    0041a6aa f   msvcrt:MSVCRT.dll
 0001:000196b0       _fprintf                   0041a6b0 f   msvcrt:MSVCRT.dll
 0001:000196b6       _fopen                     0041a6b6 f   msvcrt:MSVCRT.dll
 0001:000196bc       _malloc                    0041a6bc f   msvcrt:MSVCRT.dll
 0001:000196c2       ___CxxFrameHandler         0041a6c2 f   msvcrt:MSVCRT.dll
 0001:000196d0       __ftol                     0041a6d0 f   msvcrt:MSVCRT.dll
 0001:000196d6       __onexit                   0041a6d6 f   msvcrt:atonexit.obj
 0001:00019702       _atexit                    0041a702 f   msvcrt:atonexit.obj
 0001:00019714       _fwrite                    0041a714 f   msvcrt:MSVCRT.dll
 0001:0001971a       _sprintf                   0041a71a f   msvcrt:MSVCRT.dll
 0001:00019720       _fread                     0041a720 f   msvcrt:MSVCRT.dll
 0001:00019726       _calloc                    0041a726 f   msvcrt:MSVCRT.dll
 0001:0001972c       _realloc                   0041a72c f   msvcrt:MSVCRT.dll
 0001:00019732       _strncmp                   0041a732 f   msvcrt:MSVCRT.dll
 0001:00019738       _fputc                     0041a738 f   msvcrt:MSVCRT.dll
 0001:0001973e       ??_M@YGXPAXIHP6EX0@Z@Z     0041a73e f   msvcrt:ehvecdtr.obj
 0001:000197be       ?__ArrayUnwind@@YGXPAXIHP6EX0@Z@Z 0041a7be f   msvcrt:ehvecdtr.obj
 0001:00019832       _fseek                     0041a832 f   msvcrt:MSVCRT.dll
 0001:00019838       _qsort                     0041a838 f   msvcrt:MSVCRT.dll
 0001:0001983e       _fscanf                    0041a83e f   msvcrt:MSVCRT.dll
 0001:00019844       ??_L@YGXPAXIHP6EX0@Z1@Z    0041a844 f   msvcrt:ehvecctr.obj
 0001:000198c6       _scanf                     0041a8c6 f   msvcrt:MSVCRT.dll
 0001:000198cc       _printf                    0041a8cc f   msvcrt:MSVCRT.dll
 0001:000198d2       _getchar                   0041a8d2 f   msvcrt:MSVCRT.dll
 0001:000198e0       __aullshr                  0041a8e0 f   msvcrt:ullshr.obj
 0001:00019900       __allshl                   0041a900 f   msvcrt:llshl.obj
 0001:00019920       _abort                     0041a920 f   msvcrt:MSVCRT.dll
 0001:00019930       __allmul                   0041a930 f   msvcrt:llmul.obj
 0001:00019964       _fputs                     0041a964 f   msvcrt:MSVCRT.dll
 0001:0001996a       _time                      0041a96a f   msvcrt:MSVCRT.dll
 0001:00019970       _mainCRTStartup            0041a970 f   msvcrt:crtexe.obj
 0001:00019a80       ___dllonexit               0041aa80 f   msvcrt:MSVCRT.dll
 0001:00019a86       __except_handler3          0041aa86 f   msvcrt:MSVCRT.dll
 0001:00019a8c       ?terminate@@YAXXZ          0041aa8c f   msvcrt:MSVCRT.dll
 0001:00019a92       __exit                     0041aa92 f   msvcrt:MSVCRT.dll
 0001:00019a98       __XcptFilter               0041aa98 f   msvcrt:MSVCRT.dll
 0001:00019a9e       _exit                      0041aa9e f   msvcrt:MSVCRT.dll
 0001:00019aa4       ___p___initenv             0041aaa4 f   msvcrt:MSVCRT.dll
 0001:00019aaa       ___getmainargs             0041aaaa f   msvcrt:MSVCRT.dll
 0001:00019ab0       __initterm                 0041aab0 f   msvcrt:MSVCRT.dll
 0001:00019ab6       __setdefaultprecision      0041aab6 f   msvcrt:fp8.obj
 0001:00019ac8       ___setusermatherr          0041aac8 f   msvcrt:MSVCRT.dll
 0001:00019ace       __matherr                  0041aace f   msvcrt:merr.obj
 0001:00019ad1       __setargv                  0041aad1 f   msvcrt:dllargv.obj
 0001:00019ad2       ___p__commode              0041aad2 f   msvcrt:MSVCRT.dll
 0001:00019ad8       ___p__fmode                0041aad8 f   msvcrt:MSVCRT.dll
 0001:00019ade       ___set_app_type            0041aade f   msvcrt:MSVCRT.dll
 0001:00019ae4       __controlfp                0041aae4 f   msvcrt:MSVCRT.dll
 0001:00019aea       _LockResource@4            0041aaea f   kernel32:KERNEL32.dll
 0001:00019af0       _LoadResource@8            0041aaf0 f   kernel32:KERNEL32.dll
 0001:00019af6       _FindResourceA@12          0041aaf6 f   kernel32:KERNEL32.dll
 0001:00019afc       _GetModuleHandleA@4        0041aafc f   kernel32:KERNEL32.dll
 0001:00019b02       _Sleep@4                   0041ab02 f   kernel32:KERNEL32.dll
 0001:00019b08       _WaitForMultipleObjects@16 0041ab08 f   kernel32:KERNEL32.dll
 0001:00019b0e       _CreateEventA@16           0041ab0e f   kernel32:KERNEL32.dll
 0001:00019b14       _CreateIoCompletionPort@16 0041ab14 f   kernel32:KERNEL32.dll
 0001:00019b1a       _SetLastError@4            0041ab1a f   kernel32:KERNEL32.dll
 0001:00019b20       _CloseHandle@4             0041ab20 f   kernel32:KERNEL32.dll
 0001:00019b26       _GetQueuedCompletionStatus@20 0041ab26 f   kernel32:KERNEL32.dll
 0001:00019b2c       _PostQueuedCompletionStatus@16 0041ab2c f   kernel32:KERNEL32.dll
 0001:00019b32       _SetEvent@4                0041ab32 f   kernel32:KERNEL32.dll
 0001:00019b38       _ResetEvent@4              0041ab38 f   kernel32:KERNEL32.dll
 0001:00019b3e       _WaitForSingleObject@8     0041ab3e f   kernel32:KERNEL32.dll
 0001:00019b44       _MoveFileA@8               0041ab44 f   kernel32:KERNEL32.dll
 0001:00019b4a       _DeleteFileA@4             0041ab4a f   kernel32:KERNEL32.dll
 0001:00019b50       _CreateDirectoryA@8        0041ab50 f   kernel32:KERNEL32.dll
 0001:00019b56       _SetConsoleCtrlHandler@8   0041ab56 f   kernel32:KERNEL32.dll
 0001:00019b5c       _PostMessageA@16           0041ab5c f   user32:USER32.dll
 0001:00019b62       _SetPixelV@16              0041ab62 f   gdi32:GDI32.dll
 0001:00019b68       _Ellipse@20                0041ab68 f   gdi32:GDI32.dll
 0001:00019b6e       _CreatePen@12              0041ab6e f   gdi32:GDI32.dll
 0001:00019b74       _CreateCompatibleDC@4      0041ab74 f   gdi32:GDI32.dll
 0001:00019b7a       _GetPixel@12               0041ab7a f   gdi32:GDI32.dll
 0001:00019b80       _Arc@36                    0041ab80 f   gdi32:GDI32.dll
 0001:00019b86       _DirectSoundCreate@12      0041ab86 f   dsound:DSOUND.dll
 0002:0000001c       ??_7CDirectSound@@6B@      0041c01c     DirectSound.obj
 0002:00000020       __real@8@bffe8000000000000000 0041c020     GameObj.obj
 0002:00000028       __real@8@3ffe8000000000000000 0041c028     GameObj.obj
 0002:00000030       ??_7CGameObj@@6B@          0041c030     GameObj.obj
 0002:00000048       __real@8@00000000000000000000 0041c048     GameObj.obj
 0002:00000050       __real@8@4008c000000000000000 0041c050     GameObj.obj
 0002:00000058       __real@8@c007c000000000000000 0041c058     GameObj.obj
 0002:00000060       __real@8@4007c000000000000000 0041c060     GameObj.obj
 0002:00000068       ??_7CShip@@6B@             0041c068     GameObj.obj
 0002:00000080       __real@8@3ff9a3d70a3d70a3d800 0041c080     GameObj.obj
 0002:00000088       __real@8@3fffb6db6db6db6db800 0041c088     GameObj.obj
 0002:00000090       __real@8@4000d555555555555800 0041c090     GameObj.obj
 0002:00000098       __real@8@3ffd9999999999999800 0041c098     GameObj.obj
 0002:000000a0       __real@8@3fff8000000000000000 0041c0a0     GameObj.obj
 0002:000000a8       __real@8@3ffffd70a3d70a3d7000 0041c0a8     GameObj.obj
 0002:000000b0       __real@8@4000a000000000000000 0041c0b0     GameObj.obj
 0002:000000b8       __real@8@4001c90fdaa22168c000 0041c0b8     GameObj.obj
 0002:000000c0       __real@8@3ff8a3d70a3d70a3d800 0041c0c0     GameObj.obj
 0002:000000c8       __real@8@3ff7a3d70a3d70a3d800 0041c0c8     GameObj.obj
 0002:000000d0       __real@8@3ff39d495182a9930800 0041c0d0     GameObj.obj
 0002:000000d8       __real@8@3ff6c49ba5e353f7d000 0041c0d8     GameObj.obj
 0002:000000e0       ??_7CBullet@@6B@           0041c0e0     GameObj.obj
 0002:000000f8       __real@8@3ffec90fdaa22168c000 0041c0f8     GameObj.obj
 0002:00000100       __real@8@3ffbc90fdaa22168c000 0041c100     GameObj.obj
 0002:00000108       __real@8@40068000000000000000 0041c108     GameObj.obj
 0002:00000110       __real@8@3fffd999999999999800 0041c110     GameObj.obj
 0002:00000118       __real@8@4000c90fdaa22168c000 0041c118     GameObj.obj
 0002:00000120       __real@8@4000a78d3631c681f000 0041c120     GameObj.obj
 0002:00000128       __real@8@4000c000000000000000 0041c128     GameObj.obj
 0002:00000130       __real@8@3feea7c5ac471b478800 0041c130     GameObj.obj
 0002:00000138       ??_7CAsteroid@@6B@         0041c138     GameObj.obj
 0002:00000150       __real@8@3ffa8888888888888800 0041c150     GameObj.obj
 0002:00000158       ??_7CUfo@@6B@              0041c158     GameObj.obj
 0002:00000170       __real@8@4003f000000000000000 0041c170     GameObj.obj
 0002:00000178       __real@8@4001a000000000000000 0041c178     GameObj.obj
 0002:00000180       __real@8@40028000000000000000 0041c180     GameObj.obj
 0002:00000188       __real@8@40018000000000000000 0041c188     GameObj.obj
 0002:00000190       __real@8@4003b000000000000000 0041c190     GameObj.obj
 0002:00000198       __real@8@40038800000000000000 0041c198     GameObj.obj
 0002:000001a0       __real@8@4003c000000000000000 0041c1a0     GameObj.obj
 0002:000001a8       __real@8@3ffaccccccccccccd000 0041c1a8     GameObj.obj
 0002:000001b0       __real@8@3ff192ccf6be37de9000 0041c1b0     GameObj.obj
 0002:000001b8       __real@8@3ffec000000000000000 0041c1b8     GameObj.obj
 0002:000001c0       __real@8@3fffc90fdaa22168c000 0041c1c0     GameObj.obj
 0002:000001c8       __real@8@3ff1d1b71758e2196800 0041c1c8     GameObj.obj
 0002:000001d0       __real@8@3feda7c5ac471b478800 0041c1d0     GameObj.obj
 0002:000001d8       ??_7CCorpse@@6B@           0041c1d8     GameObj.obj
 0002:000001f0       __real@8@3ff583126e978d4fe000 0041c1f0     GameObj.obj
 0002:000001f8       ??_7CShipCorpse@@6B@       0041c1f8     GameObj.obj
 0002:00000210       __real@8@3ff3aec33e1f67152800 0041c210     GameObj.obj
 0002:00000218       ??_7CGameObjsArray@@6B@    0041c218     GameObjsArray.obj
 0002:0000021c       ??_7?$CList@PAVCGameObj@@PAV1@@@6B@ 0041c21c     GameObjsArray.obj
 0002:00000230       ??_7CObject@@6B@           0041c230     GameObjsArray.obj
 0002:00000248       __real@8@4001f000000000000000 0041c248     GameObjsArray.obj
 0002:00000250       ??_7CGameThread@@6B@       0041c250     GameThread.obj
 0002:00000254       ??_7CFont@@6B@             0041c254     GameThread.obj
 0002:00000268       ??_7CPen@@6B@              0041c268     GameThread.obj
 0002:0000027c       ??_7CGdiObject@@6B@        0041c27c     GameThread.obj
 0002:00000290       __real@8@40079000000000000000 0041c290     GameThread.obj
 0002:00000298       __real@8@3feffba8826aa8eb4800 0041c298     GameThread.obj
 0002:000002a0       __real@8@3ffaf5c28f6ca715b000 0041c2a0     GameThread.obj
 0002:000002a8       __real@8@400c9c40000000000000 0041c2a8     GameThread.obj
 0002:000002b0       ??_7CNNDataCollector@@6B@  0041c2b0     NNDataCollector.obj
 0002:000002b4       ??_7?$CArray@UTickData@CNNDataCollector@@AAU12@@@6B@ 0041c2b4     NNDataCollector.obj
 0002:000002c8       __real@8@3ffbccccccccccccd000 0041c2c8     NNDataCollector.obj
 0002:000002d0       __real@8@3ff9d13c34b10bdf7800 0041c2d0     NNDataCollector.obj
 0002:000002d8       __real@4@3fff8000000000000000 0041c2d8     NNDataCollector.obj
 0002:000002dc       __real@4@3ff6aaaaaaaaaaaaa800 0041c2dc     NNDataCollector.obj
 0002:000002e0       __real@4@3ffe8000000000000000 0041c2e0     TGraphics.obj
 0002:000002e4       __real@4@4000c90e560000000000 0041c2e4     TGraphics.obj
 0002:000002e8       __real@4@3ff7b60b60b60b60b800 0041c2e8     TGraphics.obj
 0002:000002ec       __real@4@4005b400000000000000 0041c2ec     TGraphics.obj
 0002:000002f0       __real@4@00000000000000000000 0041c2f0     TGraphics.obj
 0002:000002f4       __real@4@4007b400000000000000 0041c2f4     TGraphics.obj
 0002:000002f8       __real@4@40078700000000000000 0041c2f8     TGraphics.obj
 0002:000002fc       __real@4@4006b400000000000000 0041c2fc     TGraphics.obj
 0002:00000300       __real@8@3ffda2f9836e4e441800 0041c300     TGraphics.obj
 0002:00000308       ??_7CAnnPlayer@@6B@        0041c308     AnnPlayer.obj
 0002:0000030c       __real@4@3feb8637bd0000000000 0041c30c     kann.obj
 0002:00000310       __real@4@4005c800000000000000 0041c310     kann.obj
 0002:00000314       __real@4@3ffee666660000000000 0041c314     kann.obj
 0002:00000318       __real@4@3ffbccccd00000000000 0041c318     kann.obj
 0002:0000031c       ??_7?$CArray@PAMAAPAM@@6B@ 0041c31c     KannTest.obj
 0002:00000330       __real@8@3ffc8000000000000000 0041c330     KannTest.obj
 0002:00000358       __real@8@c0008000000000000000 0041c358     kautodiff.obj
 0002:00000360       __real@4@c0008000000000000000 0041c360     kautodiff.obj
 0002:00000364       __real@4@c003a000000000000000 0041c364     kautodiff.obj
 0002:00000368       __real@4@3ff8a3d70aa300a40000 0041c368     kautodiff.obj
 0002:00000370       __real@8@3fe7d6bf950000000000 0041c370     kautodiff.obj
 0002:00000378       __real@4@400fc3500052c7682000 0041c378     kautodiff.obj
 0002:0000037c       __real@4@3feea7c5ac0000000000 0041c37c     kautodiff.obj
 0002:00000380       ??_7CMyKann@@6B@           0041c380     MyKann.obj
 0002:00000388       __real@8@3feb8637bd05af6c6800 0041c388     MyKann.obj
 0002:00000390       _IID_IDocHostUIHandlerDispatch 0041c390     mfcs42:stdafx.obj
 0002:000003a0       _IID_IInternalConnection   0041c3a0     mfcs42:stdafx.obj
 0002:000003b0       _IID_IAxWinAmbientDispatch 0041c3b0     mfcs42:stdafx.obj
 0002:000003c0       _IID_IAxWinHostWindow      0041c3c0     mfcs42:stdafx.obj
 0002:000003d0       _IID_IRegistrar            0041c3d0     mfcs42:stdafx.obj
 0002:000003e0       _CLSID_Registrar           0041c3e0     mfcs42:stdafx.obj
 0002:000003f0       _LIBID_ATLLib              0041c3f0     mfcs42:stdafx.obj
 0003:00000000       ___xc_a                    0041d000     msvcrt:cinitexe.obj
 0003:0000005c       ___xc_z                    0041d05c     msvcrt:cinitexe.obj
 0003:00000060       ___xi_a                    0041d060     msvcrt:cinitexe.obj
 0003:00000064       ___xi_z                    0041d064     msvcrt:cinitexe.obj
 0003:00000070       ??_C@_04DOFO@WAVE?$AA@     0041d070     DirectSound.obj
 0003:00000078       ??_C@_0BB@DCBJ@Can?8t?5open?5?$CC?$CFs?$CC?6?$AA@ 0041d078     DirectSound.obj
 0003:0000008c       ??_C@_0M@PLIM@dat?2Log?4txt?$AA@ 0041d08c     DirectSound.obj
 0003:00000098       ??_C@_01FNLH@a?$AA@        0041d098     DirectSound.obj
 0003:0000009c       ??_C@_0BD@OPFO@snd?2hyperspace?4wav?$AA@ 0041d09c     GameObj.obj
 0003:000000b0       ??_C@_0BB@EPPO@snd?2laserbig?4wav?$AA@ 0041d0b0     GameObj.obj
 0003:000000c4       ??_C@_0BD@KPC@snd?2lasersmall?4wav?$AA@ 0041d0c4     GameObj.obj
 0003:000000d8       ??_C@_0M@BBP@snd?2ufo?4wav?$AA@ 0041d0d8     GameObj.obj
 0003:000000e4       ??_C@_0P@GMIP@snd?2ufoend?4wav?$AA@ 0041d0e4     GameObjsArray.obj
 0003:000000f4       ??_C@_0BA@JGL@snd?2explode?4wav?$AA@ 0041d0f4     GameObjsArray.obj
 0003:00000104       ??_C@_02MECO@?$CFd?$AA@    0041d104     GameObjsArray.obj
 0003:00000108       ??_C@_06JLLM@tahoma?$AA@   0041d108     GameThread.obj
 0003:00000110       ??_C@_08BMPF@CloseAll?$AA@ 0041d110     GameThread.obj
 0003:0000011c       ??_C@_09KOFE@StartTick?$AA@ 0041d11c     GameThread.obj
 0003:00000128       ??_C@_02NGAF@wb?$AA@       0041d128     NNDataCollector.obj
 0003:0000012c       ??_C@_0BI@CGOB@?4?2dat?2Replays?2?$CFd_?$CFs?4rep?$AA@ 0041d12c     NNDataCollector.obj
 0003:00000144       ??_C@_0BD@NNNB@?$CFd?$CFb?$CFY?0?5?$CFH?5?$CFM?8?$CFS?8?8?$AA@ 0041d144     NNDataCollector.obj
 0003:00000158       ??_C@_02JKAF@rb?$AA@       0041d158     NNDataCollector.obj
 0003:0000015c       _kann_verbose              0041d15c     kann.obj
 0003:00000160       ??_C@_04EMG@KAN?$AB?$AA@   0041d160     kann.obj
 0003:00000168       ??_C@_01GJD@?9?$AA@        0041d168     kann.obj
 0003:0000016c       ??_C@_0BG@GGLA@?$DL?5validation?5cost?3?5?$CFg?$AA@ 0041d16c     kann.obj
 0003:00000184       ??_C@_0BH@IEOC@?5?$CIclass?5error?3?5?$CF?42f?$CF?$CF?$CJ?$AA@ 0041d184     kann.obj
 0003:0000019c       ??_C@_0BN@GPGM@epoch?3?5?$CFd?$DL?5training?5cost?3?5?$CFg?$AA@ 0041d19c     kann.obj
 0003:000001bc       ?g_bContinue@@3_NC         0041d1bc     KannTest.obj
 0003:000001c0       ??_C@_0N@IKAE@Reps?2Used?2?$CFs?$AA@ 0041d1c0     KannTest.obj
 0003:000001d0       ??_C@_0L@JOBD@Reps?2?$CK?4rep?$AA@ 0041d1d0     KannTest.obj
 0003:000001dc       ??_C@_0BG@KMOD@?$CFsBestOfAll?2?$CFd_?$CFd?4ann?$AA@ 0041d1dc     KannTest.obj
 0003:000001f4       ??_C@_0BO@JIFD@?$CFsBestOfGenerations?2?$CFd_?$CFd?4ann?$AA@ 0041d1f4     KannTest.obj
 0003:00000214       ??_C@_01BJG@?6?$AA@        0041d214     KannTest.obj
 0003:00000218       ??_C@_0DO@HKDK@Generation?5?$CFd?5?9?5avarage?5score?3?5?$CF@ 0041d218     KannTest.obj
 0003:00000258       ??_C@_01LLF@w?$AA@         0041d258     KannTest.obj
 0003:0000025c       ??_C@_05MJGO@?$CFd?5?$CFd?$AA@ 0041d25c     KannTest.obj
 0003:00000264       ??_C@_02MBOK@r?$CL?$AA@    0041d264     KannTest.obj
 0003:00000268       ??_C@_0BA@PAFL@?$CFsUnsupLrn?4info?$AA@ 0041d268     KannTest.obj
 0003:00000278       ??_C@_06ODAA@?$CFs?4old?$AA@ 0041d278     KannTest.obj
 0003:00000280       ??_C@_0BB@JOLJ@?$CFsAnns?2ann?$CFd?4ann?$AA@ 0041d280     KannTest.obj
 0003:00000294       ??_C@_02JJJH@?6?6?$AA@     0041d294     KannTest.obj
 0003:00000298       ??_C@_02JBAA@?$CFf?$AA@    0041d298     KannTest.obj
 0003:0000029c       ??_C@_0BN@HDFK@Input?5NN?5change?5randomness?3?5?$AA@ 0041d29c     KannTest.obj
 0003:000002bc       ??_C@_06EODP@?$CFsAnns?$AA@ 0041d2bc     KannTest.obj
 0003:000002c4       ??_C@_0M@DPOA@?$CFsBestOfAll?$AA@ 0041d2c4     KannTest.obj
 0003:000002d0       ??_C@_0BE@DBI@?$CFsBestOfGenerations?$AA@ 0041d2d0     KannTest.obj
 0003:000002e4       ??_C@_0BE@HFKH@?$CFsNewBests?2?$CFd_?$CF?40lf?$AA@ 0041d2e4     KannTest.obj
 0003:000002f8       ??_C@_0CG@BLBF@Generation?5?$CFd?5?9?5avarage?5?$CF?40lf?7?7?7@ 0041d2f8     KannTest.obj
 0003:00000320       ??_C@_06JAMP@?$CFd?5?$CFlf?$AA@ 0041d320     KannTest.obj
 0003:00000328       ??_C@_09GEOP@?$CFsann?4ann?$AA@ 0041d328     KannTest.obj
 0003:00000334       ??_C@_0L@HPGA@?$CFsNewBests?$AA@ 0041d334     KannTest.obj
 0003:00000340       ??_C@_0BG@MBHE@?6?6Stopped?5execution?6?6?$AA@ 0041d340     KannTest.obj
 0003:00000358       ??_C@_0M@HPFC@Unsup_Evol?2?$AA@ 0041d358     KannTest.obj
 0003:00000364       ??_C@_0BM@OBO@Can?8t?5create?5event?5handler?6?$AA@ 0041d364     KannTest.obj
 0003:000003a0       ?kad_op_list@@3PAP6AHPAUkad_node_t@@H@ZA 0041d3a0     kautodiff.obj
 0003:000004a0       ?kad_op_name@@3PAPADA      0041d4a0     kautodiff.obj
 0003:000005a0       ??_C@_07MGFL@reverse?$AA@  0041d5a0     kautodiff.obj
 0003:000005a8       ??_C@_05FMCK@stack?$AA@    0041d5a8     kautodiff.obj
 0003:000005b0       ??_C@_03JAMN@sin?$AA@      0041d5b0     kautodiff.obj
 0003:000005b4       ??_C@_03CDGJ@exp?$AA@      0041d5b4     kautodiff.obj
 0003:000005b8       ??_C@_07MJJE@stdnorm?$AA@  0041d5b8     kautodiff.obj
 0003:000005c0       ??_C@_06KJGN@concat?$AA@   0041d5c0     kautodiff.obj
 0003:000005c8       ??_C@_07JAMP@reshape?$AA@  0041d5c8     kautodiff.obj
 0003:000005d0       ??_C@_03JEMM@mse?$AA@      0041d5d0     kautodiff.obj
 0003:000005d4       ??_C@_05FEOC@avg1d?$AA@    0041d5d4     kautodiff.obj
 0003:000005dc       ??_C@_03BGKD@log?$AA@      0041d5dc     kautodiff.obj
 0003:000005e0       ??_C@_0M@PMII@reduce_mean?$AA@ 0041d5e0     kautodiff.obj
 0003:000005ec       ??_C@_0L@KLJP@reduce_sum?$AA@ 0041d5ec     kautodiff.obj
 0003:000005f8       ??_C@_0O@NAMK@sample_normal?$AA@ 0041d5f8     kautodiff.obj
 0003:00000608       ??_C@_03OLHO@sub?$AA@      0041d608     kautodiff.obj
 0003:0000060c       ??_C@_06HNJI@ce_bin?$AA@   0041d60c     kautodiff.obj
 0003:00000614       ??_C@_03CODD@max?$AA@      0041d614     kautodiff.obj
 0003:00000618       ??_C@_05BIOE@slice?$AA@    0041d618     kautodiff.obj
 0003:00000620       ??_C@_05HFHM@max1d?$AA@    0041d620     kautodiff.obj
 0003:00000628       ??_C@_06PLDH@conv1d?$AA@   0041d628     kautodiff.obj
 0003:00000630       ??_C@_05EOID@max2d?$AA@    0041d630     kautodiff.obj
 0003:00000638       ??_C@_06MAMI@conv2d?$AA@   0041d638     kautodiff.obj
 0003:00000640       ??_C@_07ODPE@dropout?$AA@  0041d640     kautodiff.obj
 0003:00000648       ??_C@_07KJOI@softmax?$AA@  0041d648     kautodiff.obj
 0003:00000650       ??_C@_08CMIC@ce_multi?$AA@ 0041d650     kautodiff.obj
 0003:0000065c       ??_C@_06DJIJ@select?$AA@   0041d65c     kautodiff.obj
 0003:00000664       ??_C@_06OFMN@1minus?$AA@   0041d664     kautodiff.obj
 0003:0000066c       ??_C@_03FFAN@avg?$AA@      0041d66c     kautodiff.obj
 0003:00000670       ??_C@_06DMEF@matmul?$AA@   0041d670     kautodiff.obj
 0003:00000678       ??_C@_04PCOD@relu?$AA@     0041d678     kautodiff.obj
 0003:00000680       ??_C@_04LFAD@tanh?$AA@     0041d680     kautodiff.obj
 0003:00000688       ??_C@_04HMDN@sigm?$AA@     0041d688     kautodiff.obj
 0003:00000690       ??_C@_06NGBE@square?$AA@   0041d690     kautodiff.obj
 0003:00000698       ??_C@_0L@EBFP@ce_bin_neg?$AA@ 0041d698     kautodiff.obj
 0003:000006a4       ??_C@_04IMCN@cmul?$AA@     0041d6a4     kautodiff.obj
 0003:000006ac       ??_C@_03BNBM@mul?$AA@      0041d6ac     kautodiff.obj
 0003:000006b0       ??_C@_03ONEI@add?$AA@      0041d6b0     kautodiff.obj
 0003:000006b4       ??_C@_02DILL@?$CFs?$AA@    0041d6b4     kautodiff.obj
 0003:000006b8       ??_C@_03PHGM@N?1A?$AA@     0041d6b8     kautodiff.obj
 0003:000006bc       ??_C@_05KCGI@const?$AA@    0041d6bc     kautodiff.obj
 0003:000006c4       ??_C@_03GIEB@var?$AA@      0041d6c4     kautodiff.obj
 0003:000006c8       ??_C@_04JCJD@feed?$AA@     0041d6c8     kautodiff.obj
 0003:000006d0       ??_C@_01KMMP@?$CJ?$AA@     0041d6d0     kautodiff.obj
 0003:000006d4       ??_C@_03MOKB@$?$CFd?$AA@   0041d6d4     kautodiff.obj
 0003:000006d8       ??_C@_03HAGA@?$CFs?$CI?$AA@ 0041d6d8     kautodiff.obj
 0003:000006dc       ??_C@_02MHHH@?$FN?7?$AA@   0041d6dc     kautodiff.obj
 0003:000006e0       ??_C@_01KHLB@?$FL?$AA@     0041d6e0     kautodiff.obj
 0003:000006e4       ??_C@_02OJNG@?4?7?$AA@     0041d6e4     kautodiff.obj
 0003:000006e8       ??_C@_03IDOL@?$CFd?7?$AA@  0041d6e8     kautodiff.obj
 0003:000006ec       ??_C@_0N@GGJF@?$CFd?7?$CFx?3?$CFx?7?$CFd?7?$AA@ 0041d6ec     kautodiff.obj
 0003:000006fc       ??_C@_08JNDL@skipped?6?$AA@ 0041d6fc     kautodiff.obj
 0003:00000708       ??_C@_07FAH@passed?6?$AA@  0041d708     kautodiff.obj
 0003:00000710       ??_C@_07MNBK@failed?6?$AA@ 0041d710     kautodiff.obj
 0003:00000718       ??_C@_0BK@FADE@rel_err?3?$CFg?5p_m_err?3?$CFg?5?9?9?5?$AA@ 0041d718     kautodiff.obj
 0003:00000734       ??_C@_0CF@NMEK@Gradient?5check?5?9?9?5?$CFg?5?$DM?$DN?$DO?5?$CFg?5?$EA?5?$CFg@ 0041d734     kautodiff.obj
 0003:00000760       ?GUID_ATLVer30@ATL@@3U_GUID@@A 0041d760     mfcs42:stdafx.obj
 0003:00000770       ___defaultmatherr          0041d770     msvcrt:merr.obj
 0003:00000778       ?m_dwInstances@CDirectSound@@0KA 0041d778     DirectSound.obj
 0003:0000077c       ?m_lpDirectSound@CDirectSound@@0PAUIDirectSound@@A 0041d77c     DirectSound.obj
 0003:00000788       ?m_sndUFO@CUfo@@2VCDirectSound@@A 0041d788     GameObj.obj
 0003:000007a0       ?m_sndHyperspace@CShip@@2VCDirectSound@@A 0041d7a0     GameObj.obj
 0003:000007b8       ?m_sndBigLaser@CShip@@2VCDirectSound@@A 0041d7b8     GameObj.obj
 0003:000007d8       ?m_sndLaser@CShip@@2VCDirectSound@@A 0041d7d8     GameObj.obj
 0003:00000880       ?messagePort@CMsgWrapper@@1PAXA 0041d880     MsgWrapper.obj
 0003:000027e8       ?g_fNeuralNetworkChangeRandomness@@3MA 0041f7e8     KannTest.obj
 0003:00002809       ?g_bAntialiasing@@3_NA     0041f809     StdAfx.obj
 0003:0000280c       __afxForceEXCLUDE          0041f80c     mfcs42:nolib.obj
 0003:00002810       ?ATL_CREATE_OBJECT@CComApartment@ATL@@2IA 0041f810     mfcs42:stdafx.obj
 0003:00002818       ?m_libid@CComModule@ATL@@2U_GUID@@A 0041f818     mfcs42:stdafx.obj
 0003:00002828       ?_pModule@ATL@@3PAVCComModule@1@A 0041f828     mfcs42:stdafx.obj
 0003:0000282c       __afxForceSTDAFX           0041f82c     mfcs42:stdafx.obj
 0003:00002830       __dowildcard               0041f830     msvcrt:wildcard.obj
 0003:00002834       __newmode                  0041f834     msvcrt:_newmode.obj
 0003:00002838       __commode                  0041f838     msvcrt:xncommod.obj
 0003:0000283c       __fmode                    0041f83c     msvcrt:xtxtmode.obj
 0003:00002840       __adjust_fdiv              0041f840     <common>
 0003:00002844       ___onexitend               0041f844     <common>
 0003:00002848       ___onexitbegin             0041f848     <common>
 0004:00000000       __IMPORT_DESCRIPTOR_MFC42  00420000     mfc42:MFC42.DLL
 0004:00000014       __IMPORT_DESCRIPTOR_MSVCRT 00420014     msvcrt:MSVCRT.dll
 0004:00000028       __IMPORT_DESCRIPTOR_KERNEL32 00420028     kernel32:KERNEL32.dll
 0004:0000003c       __IMPORT_DESCRIPTOR_USER32 0042003c     user32:USER32.dll
 0004:00000050       __IMPORT_DESCRIPTOR_GDI32  00420050     gdi32:GDI32.dll
 0004:00000064       __IMPORT_DESCRIPTOR_DSOUND 00420064     dsound:DSOUND.dll
 0004:00000078       __NULL_IMPORT_DESCRIPTOR   00420078     mfc42:MFC42.DLL
 0004:00000268       __imp__DirectSoundCreate@12 00420268     dsound:DSOUND.dll
 0004:0000026c       \177DSOUND_NULL_THUNK_DATA 0042026c     dsound:DSOUND.dll
 0004:00000270       __imp__GetPixel@12         00420270     gdi32:GDI32.dll
 0004:00000274       __imp__CreateCompatibleDC@4 00420274     gdi32:GDI32.dll
 0004:00000278       __imp__CreatePen@12        00420278     gdi32:GDI32.dll
 0004:0000027c       __imp__Ellipse@20          0042027c     gdi32:GDI32.dll
 0004:00000280       __imp__SetPixelV@16        00420280     gdi32:GDI32.dll
 0004:00000284       __imp__Arc@36              00420284     gdi32:GDI32.dll
 0004:00000288       \177GDI32_NULL_THUNK_DATA  00420288     gdi32:GDI32.dll
 0004:0000028c       __imp__CloseHandle@4       0042028c     kernel32:KERNEL32.dll
 0004:00000290       __imp__GetQueuedCompletionStatus@20 00420290     kernel32:KERNEL32.dll
 0004:00000294       __imp__PostQueuedCompletionStatus@16 00420294     kernel32:KERNEL32.dll
 0004:00000298       __imp__SetEvent@4          00420298     kernel32:KERNEL32.dll
 0004:0000029c       __imp__ResetEvent@4        0042029c     kernel32:KERNEL32.dll
 0004:000002a0       __imp__SetLastError@4      004202a0     kernel32:KERNEL32.dll
 0004:000002a4       __imp__MoveFileA@8         004202a4     kernel32:KERNEL32.dll
 0004:000002a8       __imp__DeleteFileA@4       004202a8     kernel32:KERNEL32.dll
 0004:000002ac       __imp__CreateDirectoryA@8  004202ac     kernel32:KERNEL32.dll
 0004:000002b0       __imp__SetConsoleCtrlHandler@8 004202b0     kernel32:KERNEL32.dll
 0004:000002b4       __imp__CreateIoCompletionPort@16 004202b4     kernel32:KERNEL32.dll
 0004:000002b8       __imp__CreateEventA@16     004202b8     kernel32:KERNEL32.dll
 0004:000002bc       __imp__WaitForMultipleObjects@16 004202bc     kernel32:KERNEL32.dll
 0004:000002c0       __imp__Sleep@4             004202c0     kernel32:KERNEL32.dll
 0004:000002c4       __imp__GetModuleHandleA@4  004202c4     kernel32:KERNEL32.dll
 0004:000002c8       __imp__LoadResource@8      004202c8     kernel32:KERNEL32.dll
 0004:000002cc       __imp__FindResourceA@12    004202cc     kernel32:KERNEL32.dll
 0004:000002d0       __imp__WaitForSingleObject@8 004202d0     kernel32:KERNEL32.dll
 0004:000002d4       __imp__LockResource@4      004202d4     kernel32:KERNEL32.dll
 0004:000002d8       \177KERNEL32_NULL_THUNK_DATA 004202d8     kernel32:KERNEL32.dll
 0004:000002dc       __imp_?AfxBeginThread@@YGPAVCWinThread@@P6AIPAX@Z0HIKPAU_SECURITY_ATTRIBUTES@@@Z 004202dc     mfc42:MFC42.DLL
 0004:000002e0       __imp_?GetRuntimeClass@CGdiObject@@UBEPAUCRuntimeClass@@XZ 004202e0     mfc42:MFC42.DLL
 0004:000002e4       __imp_?DeleteObject@CGdiObject@@QAEHXZ 004202e4     mfc42:MFC42.DLL
 0004:000002e8       __imp_?DeleteDC@CDC@@QAEHXZ 004202e8     mfc42:MFC42.DLL
 0004:000002ec       __imp_?SelectGdiObject@CDC@@KGPAVCGdiObject@@PAUHDC__@@PAX@Z 004202ec     mfc42:MFC42.DLL
 0004:000002f0       __imp_?Format@CTime@@QBE?AVCString@@PBD@Z 004202f0     mfc42:MFC42.DLL
 0004:000002f4       __imp_?GetTickCount@CTime@@SG?AV1@XZ 004202f4     mfc42:MFC42.DLL
 0004:000002f8       __imp_?LineTo@CDC@@QAEHHH@Z 004202f8     mfc42:MFC42.DLL
 0004:000002fc       __imp_?MoveTo@CDC@@QAE?AVCPoint@@HH@Z 004202fc     mfc42:MFC42.DLL
 0004:00000300       __imp_??0CDC@@QAE@XZ       00420300     mfc42:MFC42.DLL
 0004:00000304       __imp_??0CEvent@@QAE@HHPBDPAU_SECURITY_ATTRIBUTES@@@Z 00420304     mfc42:MFC42.DLL
 0004:00000308       __imp_??1CFileFind@@UAE@XZ 00420308     mfc42:MFC42.DLL
 0004:0000030c       __imp_?GetFileName@CFileFind@@UBE?AVCString@@XZ 0042030c     mfc42:MFC42.DLL
 0004:00000310       __imp_?GetFilePath@CFileFind@@UBE?AVCString@@XZ 00420310     mfc42:MFC42.DLL
 0004:00000314       __imp_?FindNextFileA@CFileFind@@UAEHXZ 00420314     mfc42:MFC42.DLL
 0004:00000318       __imp_?FindFile@CFileFind@@UAEHPBDK@Z 00420318     mfc42:MFC42.DLL
 0004:0000031c       __imp_??0CFileFind@@QAE@XZ 0042031c     mfc42:MFC42.DLL
 0004:00000320       __imp_?Attach@CDC@@QAEHPAUHDC__@@@Z 00420320     mfc42:MFC42.DLL
 0004:00000324       __imp_?CreatePointFont@CFont@@QAEHHPBDPAVCDC@@@Z 00420324     mfc42:MFC42.DLL
 0004:00000328       __imp_?Attach@CGdiObject@@QAEHPAX@Z 00420328     mfc42:MFC42.DLL
 0004:0000032c       __imp_?SelectObject@CDC@@QAEPAVCPen@@PAV2@@Z 0042032c     mfc42:MFC42.DLL
 0004:00000330       __imp_?SetBkMode@CDC@@QAEHH@Z 00420330     mfc42:MFC42.DLL
 0004:00000334       __imp_?SetTextAlign@CDC@@QAEII@Z 00420334     mfc42:MFC42.DLL
 0004:00000338       __imp_??1CDC@@UAE@XZ       00420338     mfc42:MFC42.DLL
 0004:0000033c       __imp_?GetRuntimeClass@CPen@@UBEPAUCRuntimeClass@@XZ 0042033c     mfc42:MFC42.DLL
 0004:00000340       __imp_?GetRuntimeClass@CFont@@UBEPAUCRuntimeClass@@XZ 00420340     mfc42:MFC42.DLL
 0004:00000344       __imp_?WriteCount@CArchive@@QAEXK@Z 00420344     mfc42:MFC42.DLL
 0004:00000348       __imp_?Write@CArchive@@QAEXPBXI@Z 00420348     mfc42:MFC42.DLL
 0004:0000034c       __imp_?Read@CArchive@@QAEIPAXI@Z 0042034c     mfc42:MFC42.DLL
 0004:00000350       __imp_??3@YAXPAX@Z         00420350     mfc42:MFC42.DLL
 0004:00000354       __imp_?ReadCount@CArchive@@QAEKXZ 00420354     mfc42:MFC42.DLL
 0004:00000358       __imp_??0CString@@QAE@XZ   00420358     mfc42:MFC42.DLL
 0004:0000035c       __imp_?Format@CString@@QAAXPBDZZ 0042035c     mfc42:MFC42.DLL
 0004:00000360       __imp_??1CString@@QAE@XZ   00420360     mfc42:MFC42.DLL
 0004:00000364       __imp_?Create@CPlex@@SGPAU1@AAPAU1@II@Z 00420364     mfc42:MFC42.DLL
 0004:00000368       __imp_?FreeDataChain@CPlex@@QAEXXZ 00420368     mfc42:MFC42.DLL
 0004:0000036c       __imp_?GetRuntimeClass@CObject@@UBEPAUCRuntimeClass@@XZ 0042036c     mfc42:MFC42.DLL
 0004:00000370       __imp_??2@YAPAXI@Z         00420370     mfc42:MFC42.DLL
 0004:00000374       __imp_??0CFile@@QAE@XZ     00420374     mfc42:MFC42.DLL
 0004:00000378       __imp_?Open@CFile@@UAEHPBDIPAVCFileException@@@Z 00420378     mfc42:MFC42.DLL
 0004:0000037c       __imp_?GetLength@CFile@@UBEKXZ 0042037c     mfc42:MFC42.DLL
 0004:00000380       __imp_?Read@CFile@@UAEIPAXI@Z 00420380     mfc42:MFC42.DLL
 0004:00000384       __imp_?Close@CFile@@UAEXXZ 00420384     mfc42:MFC42.DLL
 0004:00000388       __imp_??1CFile@@UAE@XZ     00420388     mfc42:MFC42.DLL
 0004:0000038c       __imp_?AfxGetModuleState@@YGPAVAFX_MODULE_STATE@@XZ 0042038c     mfc42:MFC42.DLL
 0004:00000390       __imp_??1CEvent@@UAE@XZ    00420390     mfc42:MFC42.DLL
 0004:00000394       \177MFC42_NULL_THUNK_DATA  00420394     mfc42:MFC42.DLL
 0004:00000398       __imp___XcptFilter         00420398     msvcrt:MSVCRT.dll
 0004:0000039c       __imp__exit                0042039c     msvcrt:MSVCRT.dll
 0004:000003a0       __imp____p___initenv       004203a0     msvcrt:MSVCRT.dll
 0004:000003a4       __imp____getmainargs       004203a4     msvcrt:MSVCRT.dll
 0004:000003a8       __imp___initterm           004203a8     msvcrt:MSVCRT.dll
 0004:000003ac       __imp____setusermatherr    004203ac     msvcrt:MSVCRT.dll
 0004:000003b0       __imp___adjust_fdiv        004203b0     msvcrt:MSVCRT.dll
 0004:000003b4       __imp____p__commode        004203b4     msvcrt:MSVCRT.dll
 0004:000003b8       __imp____p__fmode          004203b8     msvcrt:MSVCRT.dll
 0004:000003bc       __imp____set_app_type      004203bc     msvcrt:MSVCRT.dll
 0004:000003c0       __imp___controlfp          004203c0     msvcrt:MSVCRT.dll
 0004:000003c4       __imp___exit               004203c4     msvcrt:MSVCRT.dll
 0004:000003c8       __imp_?terminate@@YAXXZ    004203c8     msvcrt:MSVCRT.dll
 0004:000003cc       __imp___except_handler3    004203cc     msvcrt:MSVCRT.dll
 0004:000003d0       __imp___onexit             004203d0     msvcrt:MSVCRT.dll
 0004:000003d4       __imp____dllonexit         004203d4     msvcrt:MSVCRT.dll
 0004:000003d8       __imp__time                004203d8     msvcrt:MSVCRT.dll
 0004:000003dc       __imp__fputs               004203dc     msvcrt:MSVCRT.dll
 0004:000003e0       __imp__abort               004203e0     msvcrt:MSVCRT.dll
 0004:000003e4       __imp__getchar             004203e4     msvcrt:MSVCRT.dll
 0004:000003e8       __imp__printf              004203e8     msvcrt:MSVCRT.dll
 0004:000003ec       __imp__scanf               004203ec     msvcrt:MSVCRT.dll
 0004:000003f0       __imp__fscanf              004203f0     msvcrt:MSVCRT.dll
 0004:000003f4       __imp__qsort               004203f4     msvcrt:MSVCRT.dll
 0004:000003f8       __imp__fseek               004203f8     msvcrt:MSVCRT.dll
 0004:000003fc       __imp__fputc               004203fc     msvcrt:MSVCRT.dll
 0004:00000400       __imp__strncmp             00420400     msvcrt:MSVCRT.dll
 0004:00000404       __imp__realloc             00420404     msvcrt:MSVCRT.dll
 0004:00000408       __imp__calloc              00420408     msvcrt:MSVCRT.dll
 0004:0000040c       __imp__fread               0042040c     msvcrt:MSVCRT.dll
 0004:00000410       __imp__sprintf             00420410     msvcrt:MSVCRT.dll
 0004:00000414       __imp__free                00420414     msvcrt:MSVCRT.dll
 0004:00000418       __imp__fclose              00420418     msvcrt:MSVCRT.dll
 0004:0000041c       __imp__fwrite              0042041c     msvcrt:MSVCRT.dll
 0004:00000420       __imp___ftol               00420420     msvcrt:MSVCRT.dll
 0004:00000424       __imp____CxxFrameHandler   00420424     msvcrt:MSVCRT.dll
 0004:00000428       __imp__malloc              00420428     msvcrt:MSVCRT.dll
 0004:0000042c       __imp__fopen               0042042c     msvcrt:MSVCRT.dll
 0004:00000430       __imp__fprintf             00420430     msvcrt:MSVCRT.dll
 0004:00000434       __imp___iob                00420434     msvcrt:MSVCRT.dll
 0004:00000438       \177MSVCRT_NULL_THUNK_DATA 00420438     msvcrt:MSVCRT.dll
 0004:0000043c       __imp__PostMessageA@16     0042043c     user32:USER32.dll
 0004:00000440       \177USER32_NULL_THUNK_DATA 00420440     user32:USER32.dll

 entry point at        0001:00019970

 Static symbols

 0001:00010b40       ?kad_propagate_marks@@YAXHPAPAUkad_node_t@@@Z 00411b40 f   kautodiff.obj
 0001:000118d0       ?kad_allocate_internal@@YAXHPAPAUkad_node_t@@@Z 004128d0 f   kautodiff.obj
 0001:000119d0       ?kad_dup1@@YAPAUkad_node_t@@PBU1@@Z 004129d0 f   kautodiff.obj
 0001:00011c00       ?push_nodes@@YAXPAUnodes_t@@PAUkad_node_t@@@Z 00412c00 f   kautodiff.obj
 0001:00011f70       ?kad_xoroshiro128plus_next@@YA_KPAUkad_rng_t@@@Z 00412f70 f   kautodiff.obj
 0001:00017040       ?conv2d_move_1to3@@YAXQAJPBMPAM@Z 00418040 f   kautodiff.obj
 0001:00017110       ?conv2d_add_3to1@@YAXQAJPBMPAM@Z 00418110 f   kautodiff.obj
 0001:000191b0       ?kad_len@@YAHPBUkad_node_t@@@Z 0041a1b0 f   kautodiff.obj
 0001:000191e0       ?kad_saxpy_inlined@@YAXHMPBMPAM@Z 0041a1e0 f   kautodiff.obj
 0001:0000cbe0       _$E221                     0040dbe0 f   KannTest.obj
 0001:0000cc10       _$E224                     0040dc10 f   KannTest.obj
 0001:0000cc40       _$E227                     0040dc40 f   KannTest.obj
 0001:000099a0       ?kad_ext_collate@@YAXHPAPAUkad_node_t@@PAPAM11@Z 0040a9a0 f   kann.obj
 0001:0000b200       _kad_len                   0040c200 f   kann.obj
 0001:0000b8d0       ?kann_cmul_norm@@YAPAUkad_node_t@@PAU1@0@Z 0040c8d0 f   kann.obj
 0001:0000c710       ?kann_class_error_core@@YAHPBUkann_t@@PAH@Z 0040d710 f   kann.obj
 0001:00007ad0       _$E221                     00408ad0 f   TGraphics.obj
 0001:00007b00       _$E224                     00408b00 f   TGraphics.obj
 0001:00007b30       _$E227                     00408b30 f   TGraphics.obj
 0001:00006ad0       _$E221                     00407ad0 f   NNDataCollector.obj
 0001:00006b00       _$E224                     00407b00 f   NNDataCollector.obj
 0001:00006b30       _$E227                     00407b30 f   NNDataCollector.obj
 0001:00007730       _$E233                     00408730 f   NNDataCollector.obj
 0001:00006080       _$E221                     00407080 f   GameThread.obj
 0001:000060b0       _$E224                     004070b0 f   GameThread.obj
 0001:000060e0       _$E227                     004070e0 f   GameThread.obj
 0001:000052b0       _$E221                     004062b0 f   GameObjsArray.obj
 0001:000052e0       _$E224                     004062e0 f   GameObjsArray.obj
 0001:00005310       _$E227                     00406310 f   GameObjsArray.obj
 0001:000008e0       _$E221                     004018e0 f   GameObj.obj
 0001:00000910       _$E224                     00401910 f   GameObj.obj
 0001:00000940       _$E227                     00401940 f   GameObj.obj
 0001:00001390       _$E238                     00402390 f   GameObj.obj
 0001:000013b0       _$E235                     004023b0 f   GameObj.obj
 0001:000013d0       _$E243                     004023d0 f   GameObj.obj
 0001:000013f0       _$E241                     004023f0 f   GameObj.obj
 0001:00001410       _$E248                     00402410 f   GameObj.obj
 0001:00001430       _$E246                     00402430 f   GameObj.obj
 0001:00003ae0       _$E254                     00404ae0 f   GameObj.obj
 0001:00003b00       _$E251                     00404b00 f   GameObj.obj
 0001:0001981c       ?ArrayUnwindFilter@@YAHPAU_EXCEPTION_POINTERS@@@Z 0041a81c f   msvcrt:ehvecdtr.obj

FIXUPS: 1a8c1 fffffef8 45 30 fffffecc d fffeb90d d e4 10 47 35 37 31 46
FIXUPS: 6276 ffffae27 c5 20 34 48 5c3 1d d 1a 9 10 13 56 1930d a ffffff23
FIXUPS: 1a9da 1a f 33 19 1e fffeaa1d 1e 1d 19 19 19 21 131 cf ae a5 cf
FIXUPS: 5a6a 6c 5 26 171 25 14fed a fffeb076 d 113 31 9d 24 25 24 25 25
FIXUPS: 1aca4 a fffe9fae c 15fdc a fffea056 d 41 1f 11 15f42 9 c fffea3e5
FIXUPS: 5099 3e 3b 3e 3e 3e 3c 3e 3e 3e 3c 37 37 37 37 5a 1d 13 13 ffffe76a
FIXUPS: 3c2a 1f 11 14 1b 15 74 4a 17 35 a 1b 15 74 4a 17 35 16d08 9 b a
FIXUPS: 1ac1b a a fffe9d87 37 6f 8a a 2a 12e ffffe831 48 39 3c 33 46 7b
FIXUPS: 3663 23 39 2c 11 20 61 7 12 3f 11 2c 11 36 7 12 5e 21 c3 d 1b6
FIXUPS: 3b8e 17046 a fffe8ff6 16fe0 a fffe7a76 d 17b 18d 15 2c 43 b5 15
FIXUPS: 2abb 43 16 9e 12 2c 3f 82 7 12 3b 19 319 c2 a 5 1f 131 c3 dc 3f
FIXUPS: 6f5f e 1d 7a d 22 ffffaa28 39 1f1 102 3b 3c 39 43 3bf 15d a 2a
FIXUPS: 23d6 a 2a c a 2a 148 14 c a 14 c a 14 424f 53 144b9 c fffebc22
FIXUPS: 6996 2e 1b 3b 3b 3b 6a 1e 1e 3d 1f 3f 43 27 14139 a fffebf2c de
FIXUPS: 6e08 2f 80 13edd a fffec15b 22 7 13 a17 13558 a fffeb4d9 12 12
FIXUPS: 63d5 d 148e5 b e e a fffeb72c d 91 28 10 c 36 147cb b e e 8 a fffeb912
FIXUPS: 6674 7a 70 26 a7 d64 10 3f 26 15 10 12 53 51 5 18 3d 20 9 26 29
FIXUPS: 77d3 15 1365d c fffec9d3 d 3b 135f8 a fffeca26 d 3b 135a8 a fffeca76
FIXUPS: 7911 134c7 a fffec452 d 28 4d a 19 1f 12 f 13ade b b b 8 8 a fffec57c
FIXUPS: 73d7 38 c 7 1e 25 47 3c c 7 49 c 26 f52 31 5e 21d 12790 a fffed8af
FIXUPS: 87c9 15 25 a5 43 38 16 1b d 34 27 a7 43 ffffefa9 fffff6e5 10 5c
FIXUPS: 71b3 21 8 13 9 13bbf b b fffef638 1f 11 ffffd74f d 6a 1f 132ad
FIXUPS: 1aecf a fffecd9a 3a 19 27 90 56 8e 25 b1 43 110 25 a1 43 7a 74
FIXUPS: 82cf 12c15 a fffed557 18 14 151b 27 25 26a 1f 1d 42 11 1b 6f a3
FIXUPS: 9e0d 3a f 38 11 133 f 22 f 1f 11 10c a9 f 3a f 38 11 12c f 23 ffffef94
FIXUPS: 93b2 29 44 11 11 20 26 25 57 27 25 53 27 25 50 a3 46 11 11 20 26
FIXUPS: 97b4 4a 11 11 1f 29 29 5d 26 25 fffff3be f 29 f 4f f 27 f 29 f
FIXUPS: 8edf 47 f 26 f 29 f 4f f 27 f 29 f 92 52 2b 8a 1d e5 3f 11 11 1217
FIXUPS: a58e 10 10989 b b a fffef68d d 41 d d 10 1090b b b a fffef71d 54
FIXUPS: a731 39 34 d 4c 8 24 15 ffffe34b 11 e7 47 f 3e07 d 9 4e c 13a f
FIXUPS: ccb4 15 7b c 8c 6c f 79 c 113 4a 16 24 1b8 48 6cb 10 54 f f4 51
FIXUPS: dbab f d ffffc9a2 2262 9 6 b 13 9 69 12 b 9 9 10 9 2c 56 12 b 9
FIXUPS: c963 2c 1b 30 11 6e 12 b 9 c 1e 10 9 d fffff9f6 25 a 21 25 a 21
FIXUPS: c5f4 a 2a a 24 11 10 25 9 6 11 11 13 25 9 6 11 11 10 25 9 6 11
FIXUPS: c79a 10 fffff9af 12 f 9 9 7 e 16 6 11 b 9 9 80 22 24 1e 1d 2f 2b
FIXUPS: c35a 6e 12 b 9 23 f 10 66 12 b 9 fffffa71 9 18 26 12 16 e 16 12
FIXUPS: bfe5 9 9 7 e 16 6 11 12 12 16 16 e 16 12 13 9 9 7 26 12 12 e fffffba2
FIXUPS: bcf7 1e 14 12 1a 16 13 9 9 11 26 12 16 e 16 12 13 9 9 e e 16 6
FIXUPS: be95 12 1e 16 e 16 12 13 fffff9ab 10 f 9 30 f 10 67 10 f 9 9 46
FIXUPS: ba3c 16 66 18 b 9 9 e 6a 12 65 14 b 9 9 7 e 16 6 ffffec9f 5f 27
FIXUPS: a981 31 40 170 18 47 1f 52 33 4c 1f7 28 231 1e 42 250 23 10 1c
FIXUPS: b48c 1f 10 1c 7d c e 181 ed 85 34fe 5c 3a e 18 11 c228 9 b 14 9
FIXUPS: 1b08d 8 a ffff3dd9 4c c1f0 a ffff3e4f c 15 25 92 34 38 16 1d d
FIXUPS: f0c5 27 94 34 fffff735 12 b 4b 14 39 30 16 2d 21 15 14 11 25 14
FIXUPS: eab8 14 15 5e 50 75 9a 20 f 1c 11 b 15 b c 13 10 fffff8f8 1d 21
FIXUPS: e699 e 18 d 16 7d 10 a 2a 6 31 11 c819 9 b b a 8 8 a ffff37da b
FIXUPS: e83e b 35 b 12 b 38 c6ce 8 8 8 8 8 8 8 a ffff3203 24 1b 1b 39 30
FIXUPS: e2ca 2d 16 2d 2d 12 e 9 22 19 5e 2b 2f 87 100 21 13 fffff87b 42
FIXUPS: df14 9 19 9 11 14 d023 b a ffff300a 41 15 17 10 1a 10 9 13 1a 11
FIXUPS: e0a2 13 d 36 3e e 17 23 18 ce0e ffff9c5f 2633 17 5c1 1e2 3b4 20e
FIXUPS: 19db9 14 b0 d 4b 14 8 49 31 14 8 4d 2f 14 8 ffff3c93 12 19 28 74
FIXUPS: dd85 17 29 22 9e 5469 16 2c 6e 16 2c 1c 96 16 2c 1c 6f 16 2c 1c
FIXUPS: 13cc9 3c 2d 12b 3c 2d 967 16 2c 1c 247 16 2e 1c 71 16 2e ffffd019
FIXUPS: 11caa 528 56 18b 138 165 bd 3e 6f f0 1f1 61 1a 21 47e 16 2c 62
FIXUPS: 1306e e 15 e 27 15 e 15 e 7c 61 1a 21 7346 fffffcd8 10 3a 1e b
FIXUPS: 1a2bb a 8 19 b 6 a 8 26 30 44 23 b 6 a 5c ffff6762 61 1a 21 18a
FIXUPS: 10e26 1a 21 b4c 131
